Archive member included to satisfy reference by file (symbol)

/home/zaki/st/stm32cubeide_1.7.0/plugins/com.st.stm32cube.ide.mcu.externaltools.gnu-tools-for-stm32.9-2020-q2-update.linux64_2.0.0.202105311346/tools/bin/../lib/gcc/arm-none-eabi/9.3.1/../../../../arm-none-eabi/lib/thumb/v7-m/nofp/libstdc++_nano.a(del_ops.o)
                              ./Core/Src/Command.o (operator delete(void*, unsigned int))
/home/zaki/st/stm32cubeide_1.7.0/plugins/com.st.stm32cube.ide.mcu.externaltools.gnu-tools-for-stm32.9-2020-q2-update.linux64_2.0.0.202105311346/tools/bin/../lib/gcc/arm-none-eabi/9.3.1/../../../../arm-none-eabi/lib/thumb/v7-m/nofp/libstdc++_nano.a(del_opv.o)
                              ./Core/Src/Command.o (operator delete[](void*))
/home/zaki/st/stm32cubeide_1.7.0/plugins/com.st.stm32cube.ide.mcu.externaltools.gnu-tools-for-stm32.9-2020-q2-update.linux64_2.0.0.202105311346/tools/bin/../lib/gcc/arm-none-eabi/9.3.1/../../../../arm-none-eabi/lib/thumb/v7-m/nofp/libstdc++_nano.a(guard.o)
                              ./Core/Src/ProtoHelper.o (__cxa_guard_acquire)
/home/zaki/st/stm32cubeide_1.7.0/plugins/com.st.stm32cube.ide.mcu.externaltools.gnu-tools-for-stm32.9-2020-q2-update.linux64_2.0.0.202105311346/tools/bin/../lib/gcc/arm-none-eabi/9.3.1/../../../../arm-none-eabi/lib/thumb/v7-m/nofp/libstdc++_nano.a(new_op.o)
                              ./Core/Src/ProtoHelper.o (operator new(unsigned int))
/home/zaki/st/stm32cubeide_1.7.0/plugins/com.st.stm32cube.ide.mcu.externaltools.gnu-tools-for-stm32.9-2020-q2-update.linux64_2.0.0.202105311346/tools/bin/../lib/gcc/arm-none-eabi/9.3.1/../../../../arm-none-eabi/lib/thumb/v7-m/nofp/libstdc++_nano.a(new_opv.o)
                              ./Core/Src/Command.o (operator new[](unsigned int))
/home/zaki/st/stm32cubeide_1.7.0/plugins/com.st.stm32cube.ide.mcu.externaltools.gnu-tools-for-stm32.9-2020-q2-update.linux64_2.0.0.202105311346/tools/bin/../lib/gcc/arm-none-eabi/9.3.1/../../../../arm-none-eabi/lib/thumb/v7-m/nofp/libstdc++_nano.a(del_op.o)
                              /home/zaki/st/stm32cubeide_1.7.0/plugins/com.st.stm32cube.ide.mcu.externaltools.gnu-tools-for-stm32.9-2020-q2-update.linux64_2.0.0.202105311346/tools/bin/../lib/gcc/arm-none-eabi/9.3.1/../../../../arm-none-eabi/lib/thumb/v7-m/nofp/libstdc++_nano.a(del_ops.o) (operator delete(void*))
/home/zaki/st/stm32cubeide_1.7.0/plugins/com.st.stm32cube.ide.mcu.externaltools.gnu-tools-for-stm32.9-2020-q2-update.linux64_2.0.0.202105311346/tools/bin/../lib/gcc/arm-none-eabi/9.3.1/../../../../arm-none-eabi/lib/thumb/v7-m/nofp/libstdc++_nano.a(new_handler.o)
                              /home/zaki/st/stm32cubeide_1.7.0/plugins/com.st.stm32cube.ide.mcu.externaltools.gnu-tools-for-stm32.9-2020-q2-update.linux64_2.0.0.202105311346/tools/bin/../lib/gcc/arm-none-eabi/9.3.1/../../../../arm-none-eabi/lib/thumb/v7-m/nofp/libstdc++_nano.a(new_op.o) (std::get_new_handler())
/home/zaki/st/stm32cubeide_1.7.0/plugins/com.st.stm32cube.ide.mcu.externaltools.gnu-tools-for-stm32.9-2020-q2-update.linux64_2.0.0.202105311346/tools/bin/../lib/gcc/arm-none-eabi/9.3.1/../../../../arm-none-eabi/lib/thumb/v7-m/nofp/libm.a(lib_a-wf_asin.o)
                              ./Core/Src/main.o (asinf)
/home/zaki/st/stm32cubeide_1.7.0/plugins/com.st.stm32cube.ide.mcu.externaltools.gnu-tools-for-stm32.9-2020-q2-update.linux64_2.0.0.202105311346/tools/bin/../lib/gcc/arm-none-eabi/9.3.1/../../../../arm-none-eabi/lib/thumb/v7-m/nofp/libm.a(lib_a-wf_sqrt.o)
                              ./Core/Src/main.o (sqrtf)
/home/zaki/st/stm32cubeide_1.7.0/plugins/com.st.stm32cube.ide.mcu.externaltools.gnu-tools-for-stm32.9-2020-q2-update.linux64_2.0.0.202105311346/tools/bin/../lib/gcc/arm-none-eabi/9.3.1/../../../../arm-none-eabi/lib/thumb/v7-m/nofp/libm.a(lib_a-ef_asin.o)
                              /home/zaki/st/stm32cubeide_1.7.0/plugins/com.st.stm32cube.ide.mcu.externaltools.gnu-tools-for-stm32.9-2020-q2-update.linux64_2.0.0.202105311346/tools/bin/../lib/gcc/arm-none-eabi/9.3.1/../../../../arm-none-eabi/lib/thumb/v7-m/nofp/libm.a(lib_a-wf_asin.o) (__ieee754_asinf)
/home/zaki/st/stm32cubeide_1.7.0/plugins/com.st.stm32cube.ide.mcu.externaltools.gnu-tools-for-stm32.9-2020-q2-update.linux64_2.0.0.202105311346/tools/bin/../lib/gcc/arm-none-eabi/9.3.1/../../../../arm-none-eabi/lib/thumb/v7-m/nofp/libm.a(lib_a-ef_sqrt.o)
                              /home/zaki/st/stm32cubeide_1.7.0/plugins/com.st.stm32cube.ide.mcu.externaltools.gnu-tools-for-stm32.9-2020-q2-update.linux64_2.0.0.202105311346/tools/bin/../lib/gcc/arm-none-eabi/9.3.1/../../../../arm-none-eabi/lib/thumb/v7-m/nofp/libm.a(lib_a-wf_sqrt.o) (__ieee754_sqrtf)
/home/zaki/st/stm32cubeide_1.7.0/plugins/com.st.stm32cube.ide.mcu.externaltools.gnu-tools-for-stm32.9-2020-q2-update.linux64_2.0.0.202105311346/tools/bin/../lib/gcc/arm-none-eabi/9.3.1/../../../../arm-none-eabi/lib/thumb/v7-m/nofp/libm.a(lib_a-s_lib_ver.o)
[...]
Memory Configuration

Name             Origin             Length             Attributes
RAM              0x0000000020000000 0x0000000000005000 xrw
FLASH            0x0000000008000000 0x0000000000010000 xr
*default*        0x0000000000000000 0xffffffffffffffff

Linker script and memory map

LOAD /home/zaki/st/stm32cubeide_1.7.0/plugins/com.st.stm32cube.ide.mcu.externaltools.gnu-tools-for-stm32.9-2020-q2-update.linux64_2.0.0.202105311346/tools/bin/../lib/gcc/arm-none-eabi/9.3.1/thumb/v7-m/nofp/crti.o
LOAD /home/zaki/st/stm32cubeide_1.7.0/plugins/com.st.stm32cube.ide.mcu.externaltools.gnu-tools-for-stm32.9-2020-q2-update.linux64_2.0.0.202105311346/tools/bin/../lib/gcc/arm-none-eabi/9.3.1/thumb/v7-m/nofp/crtbegin.o
LOAD /home/zaki/st/stm32cubeide_1.7.0/plugins/com.st.stm32cube.ide.mcu.externaltools.gnu-tools-for-stm32.9-2020-q2-update.linux64_2.0.0.202105311346/tools/bin/../lib/gcc/arm-none-eabi/9.3.1/../../../../arm-none-eabi/lib/thumb/v7-m/nofp/crt0.o
LOAD ./Core/Src/Command.o
LOAD ./Core/Src/Parameter.o
LOAD ./Core/Src/ProtoHelper.o
LOAD ./Core/Src/main.o
LOAD ./Core/Src/micros.o
LOAD ./Core/Src/stm32f1xx_hal_msp.o
LOAD ./Core/Src/stm32f1xx_it.o
LOAD ./Core/Src/syscalls.o
LOAD ./Core/Src/sysmem.o
LOAD ./Core/Src/system_stm32f1xx.o
LOAD ./Core/Startup/startup_stm32f103c8tx.o
LOAD ./Drivers/STM32F1xx_HAL_Driver/Src/stm32f1xx_hal.o
LOAD ./Drivers/STM32F1xx_HAL_Driver/Src/stm32f1xx_hal_adc.o
LOAD ./Drivers/STM32F1xx_HAL_Driver/Src/stm32f1xx_hal_adc_ex.o
LOAD ./Drivers/STM32F1xx_HAL_Driver/Src/stm32f1xx_hal_cortex.o
LOAD ./Drivers/STM32F1xx_HAL_Driver/Src/stm32f1xx_hal_dma.o
LOAD ./Drivers/STM32F1xx_HAL_Driver/Src/stm32f1xx_hal_exti.o
LOAD ./Drivers/STM32F1xx_HAL_Driver/Src/stm32f1xx_hal_flash.o
LOAD ./Drivers/STM32F1xx_HAL_Driver/Src/stm32f1xx_hal_flash_ex.o
LOAD ./Drivers/STM32F1xx_HAL_Driver/Src/stm32f1xx_hal_gpio.o
LOAD ./Drivers/STM32F1xx_HAL_Driver/Src/stm32f1xx_hal_gpio_ex.o
LOAD ./Drivers/STM32F1xx_HAL_Driver/Src/stm32f1xx_hal_i2c.o
LOAD ./Drivers/STM32F1xx_HAL_Driver/Src/stm32f1xx_hal_pwr.o
LOAD ./Drivers/STM32F1xx_HAL_Driver/Src/stm32f1xx_hal_rcc.o
LOAD ./Drivers/STM32F1xx_HAL_Driver/Src/stm32f1xx_hal_rcc_ex.o
LOAD ./Drivers/STM32F1xx_HAL_Driver/Src/stm32f1xx_hal_tim.o
LOAD ./Drivers/STM32F1xx_HAL_Driver/Src/stm32f1xx_hal_tim_ex.o
LOAD ./Drivers/STM32F1xx_HAL_Driver/Src/stm32f1xx_hal_uart.o
START GROUP
LOAD /home/zaki/st/stm32cubeide_1.7.0/plugins/com.st.stm32cube.ide.mcu.externaltools.gnu-tools-for-stm32.9-2020-q2-update.linux64_2.0.0.202105311346/tools/bin/../lib/gcc/arm-none-eabi/9.3.1/../../../../arm-none-eabi/lib/thumb/v7-m/nofp/libstdc++_nano.a
LOAD /home/zaki/st/stm32cubeide_1.7.0/plugins/com.st.stm32cube.ide.mcu.externaltools.gnu-tools-for-stm32.9-2020-q2-update.linux64_2.0.0.202105311346/tools/bin/../lib/gcc/arm-none-eabi/9.3.1/../../../../arm-none-eabi/lib/thumb/v7-m/nofp/libsupc++_nano.a
END GROUP
LOAD /home/zaki/st/stm32cubeide_1.7.0/plugins/com.st.stm32cube.ide.mcu.externaltools.gnu-tools-for-stm32.9-2020-q2-update.linux64_2.0.0.202105311346/tools/bin/../lib/gcc/arm-none-eabi/9.3.1/../../../../arm-none-eabi/lib/thumb/v7-m/nofp/libstdc++_nano.a
LOAD /home/zaki/st/stm32cubeide_1.7.0/plugins/com.st.stm32cube.ide.mcu.externaltools.gnu-tools-for-stm32.9-2020-q2-update.linux64_2.0.0.202105311346/tools/bin/../lib/gcc/arm-none-eabi/9.3.1/../../../../arm-none-eabi/lib/thumb/v7-m/nofp/libm.a
LOAD /home/zaki/st/stm32cubeide_1.7.0/plugins/com.st.stm32cube.ide.mcu.externaltools.gnu-tools-for-stm32.9-2020-q2-update.linux64_2.0.0.202105311346/tools/bin/../lib/gcc/arm-none-eabi/9.3.1/../../../../arm-none-eabi/lib/thumb/v7-m/nofp/libc_nano.a
START GROUP
LOAD /home/zaki/st/stm32cubeide_1.7.0/plugins/com.st.stm32cube.ide.mcu.externaltools.gnu-tools-for-stm32.9-2020-q2-update.linux64_2.0.0.202105311346/tools/bin/../lib/gcc/arm-none-eabi/9.3.1/thumb/v7-m/nofp/libgcc.a
LOAD /home/zaki/st/stm32cubeide_1.7.0/plugins/com.st.stm32cube.ide.mcu.externaltools.gnu-tools-for-stm32.9-2020-q2-update.linux64_2.0.0.202105311346/tools/bin/../lib/gcc/arm-none-eabi/9.3.1/../../../../arm-none-eabi/lib/thumb/v7-m/nofp/libc_nano.a
END GROUP
START GROUP
LOAD /home/zaki/st/stm32cubeide_1.7.0/plugins/com.st.stm32cube.ide.mcu.externaltools.gnu-tools-for-stm32.9-2020-q2-update.linux64_2.0.0.202105311346/tools/bin/../lib/gcc/arm-none-eabi/9.3.1/thumb/v7-m/nofp/libgcc.a
LOAD /home/zaki/st/stm32cubeide_1.7.0/plugins/com.st.stm32cube.ide.mcu.externaltools.gnu-tools-for-stm32.9-2020-q2-update.linux64_2.0.0.202105311346/tools/bin/../lib/gcc/arm-none-eabi/9.3.1/../../../../arm-none-eabi/lib/thumb/v7-m/nofp/libc_nano.a
LOAD /home/zaki/st/stm32cubeide_1.7.0/plugins/com.st.stm32cube.ide.mcu.externaltools.gnu-tools-for-stm32.9-2020-q2-update.linux64_2.0.0.202105311346/tools/bin/../lib/gcc/arm-none-eabi/9.3.1/../../../../arm-none-eabi/lib/thumb/v7-m/nofp/libnosys.a
END GROUP
START GROUP
LOAD /home/zaki/st/stm32cubeide_1.7.0/plugins/com.st.stm32cube.ide.mcu.externaltools.gnu-tools-for-stm32.9-2020-q2-update.linux64_2.0.0.202105311346/tools/bin/../lib/gcc/arm-none-eabi/9.3.1/thumb/v7-m/nofp/libgcc.a
LOAD /home/zaki/st/stm32cubeide_1.7.0/plugins/com.st.stm32cube.ide.mcu.externaltools.gnu-tools-for-stm32.9-2020-q2-update.linux64_2.0.0.202105311346/tools/bin/../lib/gcc/arm-none-eabi/9.3.1/../../../../arm-none-eabi/lib/thumb/v7-m/nofp/libc_nano.a
LOAD /home/zaki/st/stm32cubeide_1.7.0/plugins/com.st.stm32cube.ide.mcu.externaltools.gnu-tools-for-stm32.9-2020-q2-update.linux64_2.0.0.202105311346/tools/bin/../lib/gcc/arm-none-eabi/9.3.1/../../../../arm-none-eabi/lib/thumb/v7-m/nofp/libnosys.a
END GROUP
LOAD /home/zaki/st/stm32cubeide_1.7.0/plugins/com.st.stm32cube.ide.mcu.externaltools.gnu-tools-for-stm32.9-2020-q2-update.linux64_2.0.0.202105311346/tools/bin/../lib/gcc/arm-none-eabi/9.3.1/thumb/v7-m/nofp/crtend.o
LOAD /home/zaki/st/stm32cubeide_1.7.0/plugins/com.st.stm32cube.ide.mcu.externaltools.gnu-tools-for-stm32.9-2020-q2-update.linux64_2.0.0.202105311346/tools/bin/../lib/gcc/arm-none-eabi/9.3.1/thumb/v7-m/nofp/crtn.o
                0x0000000020005000                _estack = (ORIGIN (RAM) + LENGTH (RAM))
                0x0000000000000200                _Min_Heap_Size = 0x200
                0x0000000000000400                _Min_Stack_Size = 0x400

.isr_vector     0x0000000008000000      0x10c
                0x0000000008000000                . = ALIGN (0x4)
 *(.isr_vector)
 .isr_vector    0x0000000008000000      0x10c ./Core/Startup/startup_stm32f103c8tx.o
                0x0000000008000000                g_pfnVectors
                0x000000000800010c                . = ALIGN (0x4)

.text           0x0000000008000110     0x8100
                0x0000000008000110                . = ALIGN (0x4)
 *(.text)
 .text          0x0000000008000110       0x40 /home/zaki/st/stm32cubeide_1.7.0/plugins/com.st.stm32cube.ide.mcu.externaltools.gnu-tools-for-stm32.9-2020-q2-update.linux64_2.0.0.202105311346/tools/bin/../lib/gcc/arm-none-eabi/9.3.1/thumb/v7-m/nofp/crtbegin.o
 .text          0x0000000008000150       0x10 /home/zaki/st/stm32cubeide_1.7.0/plugins/com.st.stm32cube.ide.mcu.externaltools.gnu-tools-for-stm32.9-2020-q2-update.linux64_2.0.0.202105311346/tools/bin/../lib/gcc/arm-none-eabi/9.3.1/../../../../arm-none-eabi/lib/thumb/v7-m/nofp/libc_nano.a(lib_a-strlen.o)
                0x0000000008000150                strlen
 .text          0x0000000008000160      0x378 /home/zaki/st/stm32cubeide_1.7.0/plugins/com.st.stm32cube.ide.mcu.externaltools.gnu-tools-for-stm32.9-2020-q2-update.linux64_2.0.0.202105311346/tools/bin/../lib/gcc/arm-none-eabi/9.3.1/thumb/v7-m/nofp/libgcc.a(_arm_addsubdf3.o)
                0x0000000008000160                __aeabi_drsub
                0x0000000008000168                __aeabi_dsub
                0x0000000008000168                __subdf3
                0x000000000800016c                __adddf3
                0x000000000800016c                __aeabi_dadd
                0x00000000080003e4                __aeabi_ui2d
                0x00000000080003e4                __floatunsidf
                0x0000000008000404                __floatsidf
                0x0000000008000404                __aeabi_i2d
                0x0000000008000428                __extendsfdf2
                0x0000000008000428                __aeabi_f2d
                0x000000000800046c                __aeabi_ul2d
                0x000000000800046c                __floatundidf
                0x000000000800047c                __floatdidf
                0x000000000800047c                __aeabi_l2d
 .text          0x00000000080004d8      0x424 /home/zaki/st/stm32cubeide_1.7.0/plugins/com.st.stm32cube.ide.mcu.externaltools.gnu-tools-for-stm32.9-2020-q2-update.linux64_2.0.0.202105311346/tools/bin/../lib/gcc/arm-none-eabi/9.3.1/thumb/v7-m/nofp/libgcc.a(_arm_muldivdf3.o)
                0x00000000080004d8                __aeabi_dmul
                0x00000000080004d8                __muldf3
                0x000000000800072c                __aeabi_ddiv
                0x000000000800072c                __divdf3
 .text          0x00000000080008fc       0xa0 /home/zaki/st/stm32cubeide_1.7.0/plugins/com.st.stm32cube.ide.mcu.externaltools.gnu-tools-for-stm32.9-2020-q2-update.linux64_2.0.0.202105311346/tools/bin/../lib/gcc/arm-none-eabi/9.3.1/thumb/v7-m/nofp/libgcc.a(_arm_truncdfsf2.o)
                0x00000000080008fc                __aeabi_d2f
                0x00000000080008fc                __truncdfsf2
 .text          0x000000000800099c      0x21c /home/zaki/st/stm32cubeide_1.7.0/plugins/com.st.stm32cube.ide.mcu.externaltools.gnu-tools-for-stm32.9-2020-q2-update.linux64_2.0.0.202105311346/tools/bin/../lib/gcc/arm-none-eabi/9.3.1/thumb/v7-m/nofp/libgcc.a(_arm_addsubsf3.o)
                0x000000000800099c                __aeabi_frsub
                0x00000000080009a4                __subsf3
                0x00000000080009a4                __aeabi_fsub
                0x00000000080009a8                __aeabi_fadd
                0x00000000080009a8                __addsf3
                0x0000000008000b08                __aeabi_ui2f
                0x0000000008000b08                __floatunsisf
                0x0000000008000b10                __aeabi_i2f
                0x0000000008000b10                __floatsisf
                0x0000000008000b2c                __floatundisf
                0x0000000008000b2c                __aeabi_ul2f
                0x0000000008000b3c                __floatdisf
                0x0000000008000b3c                __aeabi_l2f
 .text          0x0000000008000bb8      0x2a0 /home/zaki/st/stm32cubeide_1.7.0/plugins/com.st.stm32cube.ide.mcu.externaltools.gnu-tools-for-stm32.9-2020-q2-update.linux64_2.0.0.202105311346/tools/bin/../lib/gcc/arm-none-eabi/9.3.1/thumb/v7-m/nofp/libgcc.a(_arm_muldivsf3.o)
                0x0000000008000bb8                __mulsf3
                0x0000000008000bb8                __aeabi_fmul
                0x0000000008000d20                __divsf3
                0x0000000008000d20                __aeabi_fdiv
 .text          0x0000000008000e58       0xec /home/zaki/st/stm32cubeide_1.7.0/plugins/com.st.stm32cube.ide.mcu.externaltools.gnu-tools-for-stm32.9-2020-q2-update.linux64_2.0.0.202105311346/tools/bin/../lib/gcc/arm-none-eabi/9.3.1/thumb/v7-m/nofp/libgcc.a(_arm_cmpsf2.o)
                0x0000000008000e58                __gtsf2
                0x0000000008000e58                __gesf2
                0x0000000008000e60                __lesf2
                0x0000000008000e60                __ltsf2
                0x0000000008000e68                __nesf2
                0x0000000008000e68                __eqsf2
                0x0000000008000e68                __cmpsf2
                0x0000000008000ec8                __aeabi_cfrcmple
                0x0000000008000ed0                __aeabi_cfcmple
                0x0000000008000ed0                __aeabi_cfcmpeq
                0x0000000008000ee0                __aeabi_fcmpeq
                0x0000000008000ef4                __aeabi_fcmplt
                0x0000000008000f08                __aeabi_fcmple
                0x0000000008000f1c                __aeabi_fcmpge
                0x0000000008000f30                __aeabi_fcmpgt
 .text          0x0000000008000f44       0x2c /home/zaki/st/stm32cubeide_1.7.0/plugins/com.st.stm32cube.ide.mcu.externaltools.gnu-tools-for-stm32.9-2020-q2-update.linux64_2.0.0.202105311346/tools/bin/../lib/gcc/arm-none-eabi/9.3.1/thumb/v7-m/nofp/libgcc.a(_arm_unordsf2.o)
                0x0000000008000f44                __aeabi_fcmpun
                0x0000000008000f44                __unordsf2
 .text          0x0000000008000f70       0x4c /home/zaki/st/stm32cubeide_1.7.0/plugins/com.st.stm32cube.ide.mcu.externaltools.gnu-tools-for-stm32.9-2020-q2-update.linux64_2.0.0.202105311346/tools/bin/../lib/gcc/arm-none-eabi/9.3.1/thumb/v7-m/nofp/libgcc.a(_arm_fixsfsi.o)
                0x0000000008000f70                __fixsfsi
                0x0000000008000f70                __aeabi_f2iz
 .text          0x0000000008000fbc       0x40 /home/zaki/st/stm32cubeide_1.7.0/plugins/com.st.stm32cube.ide.mcu.externaltools.gnu-tools-for-stm32.9-2020-q2-update.linux64_2.0.0.202105311346/tools/bin/../lib/gcc/arm-none-eabi/9.3.1/thumb/v7-m/nofp/libgcc.a(_arm_fixunssfsi.o)
                0x0000000008000fbc                __aeabi_f2uiz
                0x0000000008000fbc                __fixunssfsi
 *(.text*)
 .text._ZN7CommandC2Ev
                0x0000000008000ffc       0x20 ./Core/Src/Command.o
                0x0000000008000ffc                Command::Command()
                0x0000000008000ffc                Command::Command()
 .text._ZN7CommandD2Ev
                0x000000000800101c       0x54 ./Core/Src/Command.o
                0x000000000800101c                Command::~Command()
                0x000000000800101c                Command::~Command()
 .text._ZN7Command14setCommandNameEPch
                0x0000000008001070       0x34 ./Core/Src/Command.o
                0x0000000008001070                Command::setCommandName(char*, unsigned char)
 .text._ZN7Command13getNameAsCharEv
                0x00000000080010a4       0x18 ./Core/Src/Command.o
                0x00000000080010a4                Command::getNameAsChar()
 .text._ZN7Command8addParamEP9Parameter
                0x00000000080010bc       0x2a ./Core/Src/Command.o
                0x00000000080010bc                Command::addParam(Parameter*)
 .text._ZN7Command8getParamEh
                0x00000000080010e6       0x2c ./Core/Src/Command.o
                0x00000000080010e6                Command::getParam(unsigned char)
 .text._ZN9ParameterC2EPch
                0x0000000008001112       0x3c ./Core/Src/Parameter.o
                0x0000000008001112                Parameter::Parameter(char*, unsigned char)
                0x0000000008001112                Parameter::Parameter(char*, unsigned char)
 .text._ZN9ParameterD2Ev
                0x000000000800114e       0x24 ./Core/Src/Parameter.o
                0x000000000800114e                Parameter::~Parameter()
                0x000000000800114e                Parameter::~Parameter()
 .text._ZN9Parameter11getIntValueEv
                0x0000000008001172       0x1e ./Core/Src/Parameter.o
                0x0000000008001172                Parameter::getIntValue()
 .text._ZN11ProtoHelperC2Ev
                0x0000000008001190       0x1a ./Core/Src/ProtoHelper.o
                0x0000000008001190                ProtoHelper::ProtoHelper()
                0x0000000008001190                ProtoHelper::ProtoHelper()
 .text._ZN11ProtoHelperD2Ev
                0x00000000080011aa       0x28 ./Core/Src/ProtoHelper.o
                0x00000000080011aa                ProtoHelper::~ProtoHelper()
                0x00000000080011aa                ProtoHelper::~ProtoHelper()
 *fill*         0x00000000080011d2        0x2 
 .text.__tcf_0  0x00000000080011d4       0x10 ./Core/Src/ProtoHelper.o
 .text._ZN11ProtoHelper11getInstanceEv
                0x00000000080011e4       0x5c ./Core/Src/ProtoHelper.o
                0x00000000080011e4                ProtoHelper::getInstance()
 .text._ZN11ProtoHelper28setOnCommandRecievedCallabckEPFvP7CommandE
                0x0000000008001240       0x1a ./Core/Src/ProtoHelper.o
                0x0000000008001240                ProtoHelper::setOnCommandRecievedCallabck(void (*)(Command*))
 *fill*         0x000000000800125a        0x2 
 .text._ZN11ProtoHelper8loadByteEc
                0x000000000800125c      0x1c4 ./Core/Src/ProtoHelper.o
                0x000000000800125c                ProtoHelper::loadByte(char)
 .text._ZSt3absf
                0x0000000008001420       0x18 ./Core/Src/main.o
                0x0000000008001420                std::abs(float)
 .text._ZSt4asinf
                0x0000000008001438       0x18 ./Core/Src/main.o
                0x0000000008001438                std::asin(float)
 .text._ZSt4sqrtf
                0x0000000008001450       0x18 ./Core/Src/main.o
                0x0000000008001450                std::sqrt(float)
 .text._ZN6I2CIMU18setI2cErrorHandlerEPFvvE
                0x0000000008001468       0x1c ./Core/Src/main.o
                0x0000000008001468                I2CIMU::setI2cErrorHandler(void (*)())
 .text._ZN6I2CIMUC2Ev
                0x0000000008001484       0x6a ./Core/Src/main.o
                0x0000000008001484                I2CIMU::I2CIMU()
                0x0000000008001484                I2CIMU::I2CIMU()
 *fill*         0x00000000080014ee        0x2 
 .text._ZN6I2CIMU11getInstanceEv
                0x00000000080014f0       0x50 ./Core/Src/main.o
                0x00000000080014f0                I2CIMU::getInstance()
 .text._ZN6I2CIMU4initEf
                0x0000000008001540      0x180 ./Core/Src/main.o
                0x0000000008001540                I2CIMU::init(float)
 .text._ZN6I2CIMU5resetEv
                0x00000000080016c0       0x3a ./Core/Src/main.o
                0x00000000080016c0                I2CIMU::reset()
 .text._ZN6I2CIMU15calibrateSensorEi
                0x00000000080016fa      0x2ee ./Core/Src/main.o
                0x00000000080016fa                I2CIMU::calibrateSensor(int)
 .text._ZN6I2CIMU10updateDataEv
                0x00000000080019e8      0x5a8 ./Core/Src/main.o
                0x00000000080019e8                I2CIMU::updateData()
 .text._ZN3ESCC2Ev
                0x0000000008001f90       0x14 ./Core/Src/main.o
                0x0000000008001f90                ESC::ESC()
                0x0000000008001f90                ESC::ESC()
 .text._ZN3ESC11getInstanceEv
                0x0000000008001fa4       0x50 ./Core/Src/main.o
                0x0000000008001fa4                ESC::getInstance()
 .text._ZN3ESC18setEscErrorHandlerEPFvvE
                0x0000000008001ff4       0x1a ./Core/Src/main.o
                0x0000000008001ff4                ESC::setEscErrorHandler(void (*)())
 .text._ZN3ESC4initEi
                0x000000000800200e      0x20a ./Core/Src/main.o
                0x000000000800200e                ESC::init(int)
 .text._ZN3ESC5driveEtttt
                0x0000000008002218       0x44 ./Core/Src/main.o
                0x0000000008002218                ESC::drive(unsigned short, unsigned short, unsigned short, unsigned short)
 .text._ZN3PIDC2Efffif
                0x000000000800225c       0x68 ./Core/Src/main.o
                0x000000000800225c                PID::PID(float, float, float, int, float)
                0x000000000800225c                PID::PID(float, float, float, int, float)
 .text._ZN3PID11setSetpointEf
                0x00000000080022c4       0x1a ./Core/Src/main.o
                0x00000000080022c4                PID::setSetpoint(float)
 .text._ZN3PID15setProportionalEf
                0x00000000080022de       0x26 ./Core/Src/main.o
                0x00000000080022de                PID::setProportional(float)
 .text._ZN3PID11setIntegralEf
                0x0000000008002304       0x26 ./Core/Src/main.o
                0x0000000008002304                PID::setIntegral(float)
 .text._ZN3PID13setDerivativeEf
                0x000000000800232a       0x26 ./Core/Src/main.o
                0x000000000800232a                PID::setDerivative(float)
 .text._ZN3PID8feedbackEf
                0x0000000008002350      0x17c ./Core/Src/main.o
                0x0000000008002350                PID::feedback(float)
 .text._ZN3PID5resetEv
                0x00000000080024cc       0x42 ./Core/Src/main.o
                0x00000000080024cc                PID::reset()
 *fill*         0x000000000800250e        0x2 
 .text._Z5setupv
                0x0000000008002510      0x16c ./Core/Src/main.o
                0x0000000008002510                setup()
 .text.main     0x000000000800267c      0x40c ./Core/Src/main.o
                0x000000000800267c                main
 .text._Z18SystemClock_Configv
                0x0000000008002a88       0x80 ./Core/Src/main.o
                0x0000000008002a88                SystemClock_Config()
 .text._ZL19MX_USART1_UART_Initv
                0x0000000008002b08       0x4c ./Core/Src/main.o
 .text.HAL_UART_RxCpltCallback
                0x0000000008002b54       0x38 ./Core/Src/main.o
                0x0000000008002b54                HAL_UART_RxCpltCallback
 .text._ZL12MX_GPIO_Initv
                0x0000000008002b8c      0x158 ./Core/Src/main.o
 .text.HAL_GPIO_EXTI_Callback
                0x0000000008002ce4       0x20 ./Core/Src/main.o
                0x0000000008002ce4                HAL_GPIO_EXTI_Callback
 .text._Z13calibrateESCSv
                0x0000000008002d04       0xc0 ./Core/Src/main.o
                0x0000000008002d04                calibrateESCS()
 .text._Z17constrainMotorValf
                0x0000000008002dc4       0x64 ./Core/Src/main.o
                0x0000000008002dc4                constrainMotorVal(float)
 .text._Z12init_batteryv
                0x0000000008002e28       0x30 ./Core/Src/main.o
                0x0000000008002e28                init_battery()
 .text._Z8ADC_initv
                0x0000000008002e58      0x160 ./Core/Src/main.o
                0x0000000008002e58                ADC_init()
 .text._Z8ADC_readv
                0x0000000008002fb8       0x78 ./Core/Src/main.o
                0x0000000008002fb8                ADC_read()
 .text._Z27read_battery_and_compensateRfS_S_S_
                0x0000000008003030       0x80 ./Core/Src/main.o
                0x0000000008003030                read_battery_and_compensate(float&, float&, float&, float&)
 .text._Z15EscErrorHandlerv
                0x00000000080030b0        0xc ./Core/Src/main.o
                0x00000000080030b0                EscErrorHandler()
 .text._Z15I2cErrorHandlerv
                0x00000000080030bc        0xc ./Core/Src/main.o
                0x00000000080030bc                I2cErrorHandler()
 .text._Z15AdcErrorHandlerv
                0x00000000080030c8        0xc ./Core/Src/main.o
                0x00000000080030c8                AdcErrorHandler()
 .text._Z15commandCallbackP7Command
                0x00000000080030d4      0x388 ./Core/Src/main.o
                0x00000000080030d4                commandCallback(Command*)
 .text._Z41__static_initialization_and_destruction_0ii
                0x000000000800345c       0xb4 ./Core/Src/main.o
 .text._GLOBAL__sub_I__ZN6I2CIMU18setI2cErrorHandlerEPFvvE
                0x0000000008003510       0x10 ./Core/Src/main.o
 .text.__NVIC_EnableIRQ
                0x0000000008003520       0x38 ./Core/Src/micros.o
 .text.__NVIC_SetPriority
                0x0000000008003558       0x54 ./Core/Src/micros.o
 .text.micros_init
                0x00000000080035ac       0x70 ./Core/Src/micros.o
                0x00000000080035ac                micros_init
 .text.micros   0x000000000800361c       0x18 ./Core/Src/micros.o
                0x000000000800361c                micros
 .text.TIM3_IRQHandler
                0x0000000008003634       0x40 ./Core/Src/micros.o
                0x0000000008003634                TIM3_IRQHandler
 .text.HAL_MspInit
                0x0000000008003674       0x64 ./Core/Src/stm32f1xx_hal_msp.o
                0x0000000008003674                HAL_MspInit
 .text.HAL_I2C_MspInit
                0x00000000080036d8       0x7c ./Core/Src/stm32f1xx_hal_msp.o
                0x00000000080036d8                HAL_I2C_MspInit
 .text.HAL_TIM_Base_MspInit
                0x0000000008003754       0x38 ./Core/Src/stm32f1xx_hal_msp.o
                0x0000000008003754                HAL_TIM_Base_MspInit
 .text.HAL_TIM_MspPostInit
                0x000000000800378c       0x60 ./Core/Src/stm32f1xx_hal_msp.o
                0x000000000800378c                HAL_TIM_MspPostInit
 .text.HAL_UART_MspInit
                0x00000000080037ec       0xa8 ./Core/Src/stm32f1xx_hal_msp.o
                0x00000000080037ec                HAL_UART_MspInit
 .text.NMI_Handler
                0x0000000008003894        0x6 ./Core/Src/stm32f1xx_it.o
                0x0000000008003894                NMI_Handler
 .text.HardFault_Handler
                0x000000000800389a        0x6 ./Core/Src/stm32f1xx_it.o
                0x000000000800389a                HardFault_Handler
 .text.MemManage_Handler
                0x00000000080038a0        0x6 ./Core/Src/stm32f1xx_it.o
                0x00000000080038a0                MemManage_Handler
 .text.BusFault_Handler
                0x00000000080038a6        0x6 ./Core/Src/stm32f1xx_it.o
                0x00000000080038a6                BusFault_Handler
 .text.UsageFault_Handler
                0x00000000080038ac        0x6 ./Core/Src/stm32f1xx_it.o
                0x00000000080038ac                UsageFault_Handler
 .text.SVC_Handler
                0x00000000080038b2        0xc ./Core/Src/stm32f1xx_it.o
                0x00000000080038b2                SVC_Handler
 .text.DebugMon_Handler
                0x00000000080038be        0xc ./Core/Src/stm32f1xx_it.o
                0x00000000080038be                DebugMon_Handler
 .text.PendSV_Handler
                0x00000000080038ca        0xc ./Core/Src/stm32f1xx_it.o
                0x00000000080038ca                PendSV_Handler
 .text.SysTick_Handler
                0x00000000080038d6        0xc ./Core/Src/stm32f1xx_it.o
                0x00000000080038d6                SysTick_Handler
 .text.EXTI9_5_IRQHandler
                0x00000000080038e2       0x10 ./Core/Src/stm32f1xx_it.o
                0x00000000080038e2                EXTI9_5_IRQHandler
 *fill*         0x00000000080038f2        0x2 
 .text.USART1_IRQHandler
                0x00000000080038f4       0x14 ./Core/Src/stm32f1xx_it.o
                0x00000000080038f4                USART1_IRQHandler
 .text._getpid  0x0000000008003908        0xe ./Core/Src/syscalls.o
                0x0000000008003908                _getpid
 .text._kill    0x0000000008003916       0x20 ./Core/Src/syscalls.o
                0x0000000008003916                _kill
 .text._exit    0x0000000008003936       0x14 ./Core/Src/syscalls.o
                0x0000000008003936                _exit
 *fill*         0x000000000800394a        0x2 
 .text._sbrk    0x000000000800394c       0x6c ./Core/Src/sysmem.o
                0x000000000800394c                _sbrk
 .text.SystemInit
                0x00000000080039b8        0xc ./Core/Src/system_stm32f1xx.o
                0x00000000080039b8                SystemInit
 .text.Reset_Handler
                0x00000000080039c4       0x48 ./Core/Startup/startup_stm32f103c8tx.o
                0x00000000080039c4                Reset_Handler
 .text.Default_Handler
                0x0000000008003a0c        0x2 ./Core/Startup/startup_stm32f103c8tx.o
                0x0000000008003a0c                RTC_Alarm_IRQHandler
                0x0000000008003a0c                EXTI2_IRQHandler
                0x0000000008003a0c                TIM1_CC_IRQHandler
                0x0000000008003a0c                PVD_IRQHandler
                0x0000000008003a0c                EXTI3_IRQHandler
                0x0000000008003a0c                EXTI0_IRQHandler
                0x0000000008003a0c                I2C2_EV_IRQHandler
                0x0000000008003a0c                ADC1_2_IRQHandler
                0x0000000008003a0c                SPI1_IRQHandler
                0x0000000008003a0c                TAMPER_IRQHandler
                0x0000000008003a0c                DMA1_Channel4_IRQHandler
                0x0000000008003a0c                USART3_IRQHandler
                0x0000000008003a0c                RTC_IRQHandler
                0x0000000008003a0c                DMA1_Channel7_IRQHandler
                0x0000000008003a0c                CAN1_RX1_IRQHandler
                0x0000000008003a0c                TIM4_IRQHandler
                0x0000000008003a0c                I2C1_EV_IRQHandler
                0x0000000008003a0c                DMA1_Channel6_IRQHandler
                0x0000000008003a0c                RCC_IRQHandler
                0x0000000008003a0c                TIM1_TRG_COM_IRQHandler
                0x0000000008003a0c                DMA1_Channel1_IRQHandler
                0x0000000008003a0c                Default_Handler
                0x0000000008003a0c                EXTI15_10_IRQHandler
                0x0000000008003a0c                SPI2_IRQHandler
                0x0000000008003a0c                DMA1_Channel5_IRQHandler
                0x0000000008003a0c                EXTI4_IRQHandler
                0x0000000008003a0c                USB_LP_CAN1_RX0_IRQHandler
                0x0000000008003a0c                USB_HP_CAN1_TX_IRQHandler
                0x0000000008003a0c                DMA1_Channel3_IRQHandler
                0x0000000008003a0c                TIM1_UP_IRQHandler
                0x0000000008003a0c                WWDG_IRQHandler
                0x0000000008003a0c                TIM2_IRQHandler
                0x0000000008003a0c                TIM1_BRK_IRQHandler
                0x0000000008003a0c                EXTI1_IRQHandler
                0x0000000008003a0c                USART2_IRQHandler
                0x0000000008003a0c                I2C2_ER_IRQHandler
                0x0000000008003a0c                DMA1_Channel2_IRQHandler
                0x0000000008003a0c                CAN1_SCE_IRQHandler
                0x0000000008003a0c                FLASH_IRQHandler
                0x0000000008003a0c                I2C1_ER_IRQHandler
                0x0000000008003a0c                USBWakeUp_IRQHandler
 *fill*         0x0000000008003a0e        0x2 
 .text.HAL_Init
                0x0000000008003a10       0x2c ./Drivers/STM32F1xx_HAL_Driver/Src/stm32f1xx_hal.o
                0x0000000008003a10                HAL_Init
 .text.HAL_InitTick
                0x0000000008003a3c       0x60 ./Drivers/STM32F1xx_HAL_Driver/Src/stm32f1xx_hal.o
                0x0000000008003a3c                HAL_InitTick
 .text.HAL_IncTick
                0x0000000008003a9c       0x24 ./Drivers/STM32F1xx_HAL_Driver/Src/stm32f1xx_hal.o
                0x0000000008003a9c                HAL_IncTick
 .text.HAL_GetTick
                0x0000000008003ac0       0x14 ./Drivers/STM32F1xx_HAL_Driver/Src/stm32f1xx_hal.o
                0x0000000008003ac0                HAL_GetTick
 .text.HAL_Delay
                0x0000000008003ad4       0x48 ./Drivers/STM32F1xx_HAL_Driver/Src/stm32f1xx_hal.o
                0x0000000008003ad4                HAL_Delay
 .text.__NVIC_SetPriorityGrouping
                0x0000000008003b1c       0x48 ./Drivers/STM32F1xx_HAL_Driver/Src/stm32f1xx_hal_cortex.o
 .text.__NVIC_GetPriorityGrouping
                0x0000000008003b64       0x1c ./Drivers/STM32F1xx_HAL_Driver/Src/stm32f1xx_hal_cortex.o
 .text.__NVIC_EnableIRQ
                0x0000000008003b80       0x38 ./Drivers/STM32F1xx_HAL_Driver/Src/stm32f1xx_hal_cortex.o
 .text.__NVIC_SetPriority
                0x0000000008003bb8       0x54 ./Drivers/STM32F1xx_HAL_Driver/Src/stm32f1xx_hal_cortex.o
 .text.NVIC_EncodePriority
                0x0000000008003c0c       0x64 ./Drivers/STM32F1xx_HAL_Driver/Src/stm32f1xx_hal_cortex.o
 .text.SysTick_Config
                0x0000000008003c70       0x44 ./Drivers/STM32F1xx_HAL_Driver/Src/stm32f1xx_hal_cortex.o
 .text.HAL_NVIC_SetPriorityGrouping
                0x0000000008003cb4       0x16 ./Drivers/STM32F1xx_HAL_Driver/Src/stm32f1xx_hal_cortex.o
                0x0000000008003cb4                HAL_NVIC_SetPriorityGrouping
 .text.HAL_NVIC_SetPriority
                0x0000000008003cca       0x38 ./Drivers/STM32F1xx_HAL_Driver/Src/stm32f1xx_hal_cortex.o
                0x0000000008003cca                HAL_NVIC_SetPriority
 .text.HAL_NVIC_EnableIRQ
                0x0000000008003d02       0x1c ./Drivers/STM32F1xx_HAL_Driver/Src/stm32f1xx_hal_cortex.o
                0x0000000008003d02                HAL_NVIC_EnableIRQ
 .text.HAL_SYSTICK_Config
                0x0000000008003d1e       0x18 ./Drivers/STM32F1xx_HAL_Driver/Src/stm32f1xx_hal_cortex.o
                0x0000000008003d1e                HAL_SYSTICK_Config
 .text.HAL_DMA_Abort
                0x0000000008003d36       0x74 ./Drivers/STM32F1xx_HAL_Driver/Src/stm32f1xx_hal_dma.o
                0x0000000008003d36                HAL_DMA_Abort
 *fill*         0x0000000008003daa        0x2 
 .text.HAL_DMA_Abort_IT
                0x0000000008003dac       0xec ./Drivers/STM32F1xx_HAL_Driver/Src/stm32f1xx_hal_dma.o
                0x0000000008003dac                HAL_DMA_Abort_IT
 .text.HAL_GPIO_Init
                0x0000000008003e98      0x308 ./Drivers/STM32F1xx_HAL_Driver/Src/stm32f1xx_hal_gpio.o
                0x0000000008003e98                HAL_GPIO_Init
 .text.HAL_GPIO_ReadPin
                0x00000000080041a0       0x2e ./Drivers/STM32F1xx_HAL_Driver/Src/stm32f1xx_hal_gpio.o
                0x00000000080041a0                HAL_GPIO_ReadPin
 .text.HAL_GPIO_WritePin
                0x00000000080041ce       0x30 ./Drivers/STM32F1xx_HAL_Driver/Src/stm32f1xx_hal_gpio.o
                0x00000000080041ce                HAL_GPIO_WritePin
 .text.HAL_GPIO_TogglePin
                0x00000000080041fe       0x32 ./Drivers/STM32F1xx_HAL_Driver/Src/stm32f1xx_hal_gpio.o
                0x00000000080041fe                HAL_GPIO_TogglePin
 .text.HAL_GPIO_EXTI_IRQHandler
                0x0000000008004230       0x30 ./Drivers/STM32F1xx_HAL_Driver/Src/stm32f1xx_hal_gpio.o
                0x0000000008004230                HAL_GPIO_EXTI_IRQHandler
 .text.HAL_I2C_Init
                0x0000000008004260      0x288 ./Drivers/STM32F1xx_HAL_Driver/Src/stm32f1xx_hal_i2c.o
                0x0000000008004260                HAL_I2C_Init
 .text.HAL_I2C_Mem_Write
                0x00000000080044e8      0x1f4 ./Drivers/STM32F1xx_HAL_Driver/Src/stm32f1xx_hal_i2c.o
                0x00000000080044e8                HAL_I2C_Mem_Write
 .text.HAL_I2C_Mem_Read
                0x00000000080046dc      0x4d0 ./Drivers/STM32F1xx_HAL_Driver/Src/stm32f1xx_hal_i2c.o
                0x00000000080046dc                HAL_I2C_Mem_Read
 .text.I2C_RequestMemoryWrite
                0x0000000008004bac      0x12c ./Drivers/STM32F1xx_HAL_Driver/Src/stm32f1xx_hal_i2c.o
 .text.I2C_RequestMemoryRead
                0x0000000008004cd8      0x1d0 ./Drivers/STM32F1xx_HAL_Driver/Src/stm32f1xx_hal_i2c.o
 .text.I2C_WaitOnFlagUntilTimeout
                0x0000000008004ea8       0xae ./Drivers/STM32F1xx_HAL_Driver/Src/stm32f1xx_hal_i2c.o
 .text.I2C_WaitOnMasterAddressFlagUntilTimeout
                0x0000000008004f56       0xfe ./Drivers/STM32F1xx_HAL_Driver/Src/stm32f1xx_hal_i2c.o
 .text.I2C_WaitOnTXEFlagUntilTimeout
                0x0000000008005054       0x82 ./Drivers/STM32F1xx_HAL_Driver/Src/stm32f1xx_hal_i2c.o
 .text.I2C_WaitOnBTFFlagUntilTimeout
                0x00000000080050d6       0x82 ./Drivers/STM32F1xx_HAL_Driver/Src/stm32f1xx_hal_i2c.o
 .text.I2C_WaitOnRXNEFlagUntilTimeout
                0x0000000008005158       0xac ./Drivers/STM32F1xx_HAL_Driver/Src/stm32f1xx_hal_i2c.o
 .text.I2C_IsAcknowledgeFailed
                0x0000000008005204       0x5c ./Drivers/STM32F1xx_HAL_Driver/Src/stm32f1xx_hal_i2c.o
 .text.HAL_RCC_OscConfig
                0x0000000008005260      0x500 ./Drivers/STM32F1xx_HAL_Driver/Src/stm32f1xx_hal_rcc.o
                0x0000000008005260                HAL_RCC_OscConfig
 .text.HAL_RCC_ClockConfig
                0x0000000008005760      0x1d4 ./Drivers/STM32F1xx_HAL_Driver/Src/stm32f1xx_hal_rcc.o
                0x0000000008005760                HAL_RCC_ClockConfig
 .text.HAL_RCC_GetSysClockFreq
                0x0000000008005934       0xc0 ./Drivers/STM32F1xx_HAL_Driver/Src/stm32f1xx_hal_rcc.o
                0x0000000008005934                HAL_RCC_GetSysClockFreq
 .text.HAL_RCC_GetHCLKFreq
                0x00000000080059f4       0x14 ./Drivers/STM32F1xx_HAL_Driver/Src/stm32f1xx_hal_rcc.o
                0x00000000080059f4                HAL_RCC_GetHCLKFreq
 .text.HAL_RCC_GetPCLK1Freq
                0x0000000008005a08       0x28 ./Drivers/STM32F1xx_HAL_Driver/Src/stm32f1xx_hal_rcc.o
                0x0000000008005a08                HAL_RCC_GetPCLK1Freq
 .text.HAL_RCC_GetPCLK2Freq
                0x0000000008005a30       0x28 ./Drivers/STM32F1xx_HAL_Driver/Src/stm32f1xx_hal_rcc.o
                0x0000000008005a30                HAL_RCC_GetPCLK2Freq
 .text.RCC_Delay
                0x0000000008005a58       0x3c ./Drivers/STM32F1xx_HAL_Driver/Src/stm32f1xx_hal_rcc.o
 .text.HAL_TIM_Base_Init
                0x0000000008005a94       0x9e ./Drivers/STM32F1xx_HAL_Driver/Src/stm32f1xx_hal_tim.o
                0x0000000008005a94                HAL_TIM_Base_Init
 .text.HAL_TIM_PWM_Init
                0x0000000008005b32       0x9e ./Drivers/STM32F1xx_HAL_Driver/Src/stm32f1xx_hal_tim.o
                0x0000000008005b32                HAL_TIM_PWM_Init
 .text.HAL_TIM_PWM_MspInit
                0x0000000008005bd0       0x12 ./Drivers/STM32F1xx_HAL_Driver/Src/stm32f1xx_hal_tim.o
                0x0000000008005bd0                HAL_TIM_PWM_MspInit
 *fill*         0x0000000008005be2        0x2 
 .text.HAL_TIM_PWM_Start
                0x0000000008005be4      0x144 ./Drivers/STM32F1xx_HAL_Driver/Src/stm32f1xx_hal_tim.o
                0x0000000008005be4                HAL_TIM_PWM_Start
 .text.HAL_TIM_PWM_ConfigChannel
                0x0000000008005d28      0x17c ./Drivers/STM32F1xx_HAL_Driver/Src/stm32f1xx_hal_tim.o
                0x0000000008005d28                HAL_TIM_PWM_ConfigChannel
 .text.HAL_TIM_ConfigClockSource
                0x0000000008005ea4      0x188 ./Drivers/STM32F1xx_HAL_Driver/Src/stm32f1xx_hal_tim.o
                0x0000000008005ea4                HAL_TIM_ConfigClockSource
 .text.HAL_TIM_SlaveConfigSynchro
                0x000000000800602c       0x84 ./Drivers/STM32F1xx_HAL_Driver/Src/stm32f1xx_hal_tim.o
                0x000000000800602c                HAL_TIM_SlaveConfigSynchro
 .text.TIM_Base_SetConfig
                0x00000000080060b0       0xc4 ./Drivers/STM32F1xx_HAL_Driver/Src/stm32f1xx_hal_tim.o
                0x00000000080060b0                TIM_Base_SetConfig
 .text.TIM_OC1_SetConfig
                0x0000000008006174       0xcc ./Drivers/STM32F1xx_HAL_Driver/Src/stm32f1xx_hal_tim.o
 .text.TIM_OC2_SetConfig
                0x0000000008006240       0xd4 ./Drivers/STM32F1xx_HAL_Driver/Src/stm32f1xx_hal_tim.o
                0x0000000008006240                TIM_OC2_SetConfig
 .text.TIM_OC3_SetConfig
                0x0000000008006314       0xd4 ./Drivers/STM32F1xx_HAL_Driver/Src/stm32f1xx_hal_tim.o
 .text.TIM_OC4_SetConfig
                0x00000000080063e8       0x9c ./Drivers/STM32F1xx_HAL_Driver/Src/stm32f1xx_hal_tim.o
 .text.TIM_SlaveTimer_SetConfig
                0x0000000008006484      0x11c ./Drivers/STM32F1xx_HAL_Driver/Src/stm32f1xx_hal_tim.o
 .text.TIM_TI1_ConfigInputStage
                0x00000000080065a0       0x5c ./Drivers/STM32F1xx_HAL_Driver/Src/stm32f1xx_hal_tim.o
 .text.TIM_TI2_ConfigInputStage
                0x00000000080065fc       0x5e ./Drivers/STM32F1xx_HAL_Driver/Src/stm32f1xx_hal_tim.o
 .text.TIM_ITRx_SetConfig
                0x000000000800665a       0x34 ./Drivers/STM32F1xx_HAL_Driver/Src/stm32f1xx_hal_tim.o
 .text.TIM_ETR_SetConfig
                0x000000000800668e       0x3e ./Drivers/STM32F1xx_HAL_Driver/Src/stm32f1xx_hal_tim.o
                0x000000000800668e                TIM_ETR_SetConfig
 .text.TIM_CCxChannelCmd
                0x00000000080066cc       0x48 ./Drivers/STM32F1xx_HAL_Driver/Src/stm32f1xx_hal_tim.o
                0x00000000080066cc                TIM_CCxChannelCmd
 .text.HAL_TIMEx_MasterConfigSynchronization
                0x0000000008006714       0xbc ./Drivers/STM32F1xx_HAL_Driver/Src/stm32f1xx_hal_tim_ex.o
                0x0000000008006714                HAL_TIMEx_MasterConfigSynchronization
 .text.HAL_UART_Init
                0x00000000080067d0       0x9a ./Drivers/STM32F1xx_HAL_Driver/Src/stm32f1xx_hal_uart.o
                0x00000000080067d0                HAL_UART_Init
 .text.HAL_UART_Transmit
                0x000000000800686a      0x124 ./Drivers/STM32F1xx_HAL_Driver/Src/stm32f1xx_hal_uart.o
                0x000000000800686a                HAL_UART_Transmit
 .text.HAL_UART_Receive_IT
                0x000000000800698e       0x60 ./Drivers/STM32F1xx_HAL_Driver/Src/stm32f1xx_hal_uart.o
                0x000000000800698e                HAL_UART_Receive_IT
 *fill*         0x00000000080069ee        0x2 
 .text.HAL_UART_IRQHandler
                0x00000000080069f0      0x354 ./Drivers/STM32F1xx_HAL_Driver/Src/stm32f1xx_hal_uart.o
                0x00000000080069f0                HAL_UART_IRQHandler
 .text.HAL_UART_TxCpltCallback
                0x0000000008006d44       0x12 ./Drivers/STM32F1xx_HAL_Driver/Src/stm32f1xx_hal_uart.o
                0x0000000008006d44                HAL_UART_TxCpltCallback
 .text.HAL_UART_ErrorCallback
                0x0000000008006d56       0x12 ./Drivers/STM32F1xx_HAL_Driver/Src/stm32f1xx_hal_uart.o
                0x0000000008006d56                HAL_UART_ErrorCallback
 .text.HAL_UARTEx_RxEventCallback
                0x0000000008006d68       0x16 ./Drivers/STM32F1xx_HAL_Driver/Src/stm32f1xx_hal_uart.o
                0x0000000008006d68                HAL_UARTEx_RxEventCallback
 .text.UART_WaitOnFlagUntilTimeout
                0x0000000008006d7e       0x94 ./Drivers/STM32F1xx_HAL_Driver/Src/stm32f1xx_hal_uart.o
 .text.UART_Start_Receive_IT
                0x0000000008006e12       0x72 ./Drivers/STM32F1xx_HAL_Driver/Src/stm32f1xx_hal_uart.o
                0x0000000008006e12                UART_Start_Receive_IT
 .text.UART_EndRxTransfer
                0x0000000008006e84       0x58 ./Drivers/STM32F1xx_HAL_Driver/Src/stm32f1xx_hal_uart.o
 .text.UART_DMAAbortOnError
                0x0000000008006edc       0x28 ./Drivers/STM32F1xx_HAL_Driver/Src/stm32f1xx_hal_uart.o
 .text.UART_Transmit_IT
                0x0000000008006f04       0x9e ./Drivers/STM32F1xx_HAL_Driver/Src/stm32f1xx_hal_uart.o
 .text.UART_EndTransmit_IT
                0x0000000008006fa2       0x30 ./Drivers/STM32F1xx_HAL_Driver/Src/stm32f1xx_hal_uart.o
 .text.UART_Receive_IT
                0x0000000008006fd2      0x152 ./Drivers/STM32F1xx_HAL_Driver/Src/stm32f1xx_hal_uart.o
 .text.UART_SetConfig
                0x0000000008007124      0x11c ./Drivers/STM32F1xx_HAL_Driver/Src/stm32f1xx_hal_uart.o
 .text._ZdlPvj  0x0000000008007240        0x4 /home/zaki/st/stm32cubeide_1.7.0/plugins/com.st.stm32cube.ide.mcu.externaltools.gnu-tools-for-stm32.9-2020-q2-update.linux64_2.0.0.202105311346/tools/bin/../lib/gcc/arm-none-eabi/9.3.1/../../../../arm-none-eabi/lib/thumb/v7-m/nofp/libstdc++_nano.a(del_ops.o)
                0x0000000008007240                operator delete(void*, unsigned int)
 .text._ZdaPv   0x0000000008007244        0x4 /home/zaki/st/stm32cubeide_1.7.0/plugins/com.st.stm32cube.ide.mcu.externaltools.gnu-tools-for-stm32.9-2020-q2-update.linux64_2.0.0.202105311346/tools/bin/../lib/gcc/arm-none-eabi/9.3.1/../../../../arm-none-eabi/lib/thumb/v7-m/nofp/libstdc++_nano.a(del_opv.o)
                0x0000000008007244                operator delete[](void*)
 .text.__cxa_guard_acquire
                0x0000000008007248       0x18 /home/zaki/st/stm32cubeide_1.7.0/plugins/com.st.stm32cube.ide.mcu.externaltools.gnu-tools-for-stm32.9-2020-q2-update.linux64_2.0.0.202105311346/tools/bin/../lib/gcc/arm-none-eabi/9.3.1/../../../../arm-none-eabi/lib/thumb/v7-m/nofp/libstdc++_nano.a(guard.o)
                0x0000000008007248                __cxa_guard_acquire
 .text.__cxa_guard_release
                0x0000000008007260        0x6 /home/zaki/st/stm32cubeide_1.7.0/plugins/com.st.stm32cube.ide.mcu.externaltools.gnu-tools-for-stm32.9-2020-q2-update.linux64_2.0.0.202105311346/tools/bin/../lib/gcc/arm-none-eabi/9.3.1/../../../../arm-none-eabi/lib/thumb/v7-m/nofp/libstdc++_nano.a(guard.o)
                0x0000000008007260                __cxa_guard_release
 .text._Znwj    0x0000000008007266       0x22 /home/zaki/st/stm32cubeide_1.7.0/plugins/com.st.stm32cube.ide.mcu.externaltools.gnu-tools-for-stm32.9-2020-q2-update.linux64_2.0.0.202105311346/tools/bin/../lib/gcc/arm-none-eabi/9.3.1/../../../../arm-none-eabi/lib/thumb/v7-m/nofp/libstdc++_nano.a(new_op.o)
                0x0000000008007266                operator new(unsigned int)
 .text._Znaj    0x0000000008007288        0x4 /home/zaki/st/stm32cubeide_1.7.0/plugins/com.st.stm32cube.ide.mcu.externaltools.gnu-tools-for-stm32.9-2020-q2-update.linux64_2.0.0.202105311346/tools/bin/../lib/gcc/arm-none-eabi/9.3.1/../../../../arm-none-eabi/lib/thumb/v7-m/nofp/libstdc++_nano.a(new_opv.o)
                0x0000000008007288                operator new[](unsigned int)
 .text._ZdlPv   0x000000000800728c        0x4 /home/zaki/st/stm32cubeide_1.7.0/plugins/com.st.stm32cube.ide.mcu.externaltools.gnu-tools-for-stm32.9-2020-q2-update.linux64_2.0.0.202105311346/tools/bin/../lib/gcc/arm-none-eabi/9.3.1/../../../../arm-none-eabi/lib/thumb/v7-m/nofp/libstdc++_nano.a(del_op.o)
                0x000000000800728c                operator delete(void*)
 .text._ZSt15get_new_handlerv
                0x0000000008007290       0x10 /home/zaki/st/stm32cubeide_1.7.0/plugins/com.st.stm32cube.ide.mcu.externaltools.gnu-tools-for-stm32.9-2020-q2-update.linux64_2.0.0.202105311346/tools/bin/../lib/gcc/arm-none-eabi/9.3.1/../../../../arm-none-eabi/lib/thumb/v7-m/nofp/libstdc++_nano.a(new_handler.o)
                0x0000000008007290                std::get_new_handler()
 .text.asinf    0x00000000080072a0       0x4c /home/zaki/st/stm32cubeide_1.7.0/plugins/com.st.stm32cube.ide.mcu.externaltools.gnu-tools-for-stm32.9-2020-q2-update.linux64_2.0.0.202105311346/tools/bin/../lib/gcc/arm-none-eabi/9.3.1/../../../../arm-none-eabi/lib/thumb/v7-m/nofp/libm.a(lib_a-wf_asin.o)
                0x00000000080072a0                asinf
 .text.sqrtf    0x00000000080072ec       0x44 /home/zaki/st/stm32cubeide_1.7.0/plugins/com.st.stm32cube.ide.mcu.externaltools.gnu-tools-for-stm32.9-2020-q2-update.linux64_2.0.0.202105311346/tools/bin/../lib/gcc/arm-none-eabi/9.3.1/../../../../arm-none-eabi/lib/thumb/v7-m/nofp/libm.a(lib_a-wf_sqrt.o)
                0x00000000080072ec                sqrtf
 .text.__ieee754_asinf
                0x0000000008007330      0x288 /home/zaki/st/stm32cubeide_1.7.0/plugins/com.st.stm32cube.ide.mcu.externaltools.gnu-tools-for-stm32.9-2020-q2-update.linux64_2.0.0.202105311346/tools/bin/../lib/gcc/arm-none-eabi/9.3.1/../../../../arm-none-eabi/lib/thumb/v7-m/nofp/libm.a(lib_a-ef_asin.o)
                0x0000000008007330                __ieee754_asinf
 .text.__ieee754_sqrtf
                0x00000000080075b8       0xa2 /home/zaki/st/stm32cubeide_1.7.0/plugins/com.st.stm32cube.ide.mcu.externaltools.gnu-tools-for-stm32.9-2020-q2-update.linux64_2.0.0.202105311346/tools/bin/../lib/gcc/arm-none-eabi/9.3.1/../../../../arm-none-eabi/lib/thumb/v7-m/nofp/libm.a(lib_a-ef_sqrt.o)
                0x00000000080075b8                __ieee754_sqrtf
 .text.fabsf    0x000000000800765a        0x6 /home/zaki/st/stm32cubeide_1.7.0/plugins/com.st.stm32cube.ide.mcu.externaltools.gnu-tools-for-stm32.9-2020-q2-update.linux64_2.0.0.202105311346/tools/bin/../lib/gcc/arm-none-eabi/9.3.1/../../../../arm-none-eabi/lib/thumb/v7-m/nofp/libm.a(lib_a-sf_fabs.o)
                0x000000000800765a                fabsf
 .text.nanf     0x0000000008007660        0x8 /home/zaki/st/stm32cubeide_1.7.0/plugins/com.st.stm32cube.ide.mcu.externaltools.gnu-tools-for-stm32.9-2020-q2-update.linux64_2.0.0.202105311346/tools/bin/../lib/gcc/arm-none-eabi/9.3.1/../../../../arm-none-eabi/lib/thumb/v7-m/nofp/libm.a(lib_a-sf_nan.o)
                0x0000000008007660                nanf
 .text.abort    0x0000000008007668        0xe /home/zaki/st/stm32cubeide_1.7.0/plugins/com.st.stm32cube.ide.mcu.externaltools.gnu-tools-for-stm32.9-2020-q2-update.linux64_2.0.0.202105311346/tools/bin/../lib/gcc/arm-none-eabi/9.3.1/../../../../arm-none-eabi/lib/thumb/v7-m/nofp/libc_nano.a(lib_a-abort.o)
                0x0000000008007668                abort
 .text.atexit   0x0000000008007676        0xc /home/zaki/st/stm32cubeide_1.7.0/plugins/com.st.stm32cube.ide.mcu.externaltools.gnu-tools-for-stm32.9-2020-q2-update.linux64_2.0.0.202105311346/tools/bin/../lib/gcc/arm-none-eabi/9.3.1/../../../../arm-none-eabi/lib/thumb/v7-m/nofp/libc_nano.a(lib_a-atexit.o)
                0x0000000008007676                atexit
 .text.atoi     0x0000000008007682        0x8 /home/zaki/st/stm32cubeide_1.7.0/plugins/com.st.stm32cube.ide.mcu.externaltools.gnu-tools-for-stm32.9-2020-q2-update.linux64_2.0.0.202105311346/tools/bin/../lib/gcc/arm-none-eabi/9.3.1/../../../../arm-none-eabi/lib/thumb/v7-m/nofp/libc_nano.a(lib_a-atoi.o)
                0x0000000008007682                atoi
 *fill*         0x000000000800768a        0x2 
 .text.__errno  0x000000000800768c        0xc /home/zaki/st/stm32cubeide_1.7.0/plugins/com.st.stm32cube.ide.mcu.externaltools.gnu-tools-for-stm32.9-2020-q2-update.linux64_2.0.0.202105311346/tools/bin/../lib/gcc/arm-none-eabi/9.3.1/../../../../arm-none-eabi/lib/thumb/v7-m/nofp/libc_nano.a(lib_a-errno.o)
                0x000000000800768c                __errno
 .text.__libc_init_array
                0x0000000008007698       0x48 /home/zaki/st/stm32cubeide_1.7.0/plugins/com.st.stm32cube.ide.mcu.externaltools.gnu-tools-for-stm32.9-2020-q2-update.linux64_2.0.0.202105311346/tools/bin/../lib/gcc/arm-none-eabi/9.3.1/../../../../arm-none-eabi/lib/thumb/v7-m/nofp/libc_nano.a(lib_a-init.o)
                0x0000000008007698                __libc_init_array
 .text.malloc   0x00000000080076e0       0x10 /home/zaki/st/stm32cubeide_1.7.0/plugins/com.st.stm32cube.ide.mcu.externaltools.gnu-tools-for-stm32.9-2020-q2-update.linux64_2.0.0.202105311346/tools/bin/../lib/gcc/arm-none-eabi/9.3.1/../../../../arm-none-eabi/lib/thumb/v7-m/nofp/libc_nano.a(lib_a-malloc.o)
                0x00000000080076e0                malloc
 .text.free     0x00000000080076f0       0x10 /home/zaki/st/stm32cubeide_1.7.0/plugins/com.st.stm32cube.ide.mcu.externaltools.gnu-tools-for-stm32.9-2020-q2-update.linux64_2.0.0.202105311346/tools/bin/../lib/gcc/arm-none-eabi/9.3.1/../../../../arm-none-eabi/lib/thumb/v7-m/nofp/libc_nano.a(lib_a-malloc.o)
                0x00000000080076f0                free
 .text.memcpy   0x0000000008007700       0x1c /home/zaki/st/stm32cubeide_1.7.0/plugins/com.st.stm32cube.ide.mcu.externaltools.gnu-tools-for-stm32.9-2020-q2-update.linux64_2.0.0.202105311346/tools/bin/../lib/gcc/arm-none-eabi/9.3.1/../../../../arm-none-eabi/lib/thumb/v7-m/nofp/libc_nano.a(lib_a-memcpy-stub.o)
                0x0000000008007700                memcpy
 .text.memset   0x000000000800771c       0x10 /home/zaki/st/stm32cubeide_1.7.0/plugins/com.st.stm32cube.ide.mcu.externaltools.gnu-tools-for-stm32.9-2020-q2-update.linux64_2.0.0.202105311346/tools/bin/../lib/gcc/arm-none-eabi/9.3.1/../../../../arm-none-eabi/lib/thumb/v7-m/nofp/libc_nano.a(lib_a-memset.o)
                0x000000000800771c                memset
 .text._free_r  0x000000000800772c       0x98 /home/zaki/st/stm32cubeide_1.7.0/plugins/com.st.stm32cube.ide.mcu.externaltools.gnu-tools-for-stm32.9-2020-q2-update.linux64_2.0.0.202105311346/tools/bin/../lib/gcc/arm-none-eabi/9.3.1/../../../../arm-none-eabi/lib/thumb/v7-m/nofp/libc_nano.a(lib_a-nano-freer.o)
                0x000000000800772c                _free_r
 .text._malloc_r
                0x00000000080077c4       0xb4 /home/zaki/st/stm32cubeide_1.7.0/plugins/com.st.stm32cube.ide.mcu.externaltools.gnu-tools-for-stm32.9-2020-q2-update.linux64_2.0.0.202105311346/tools/bin/../lib/gcc/arm-none-eabi/9.3.1/../../../../arm-none-eabi/lib/thumb/v7-m/nofp/libc_nano.a(lib_a-nano-mallocr.o)
                0x00000000080077c4                _malloc_r
 .text._sbrk_r  0x0000000008007878       0x20 /home/zaki/st/stm32cubeide_1.7.0/plugins/com.st.stm32cube.ide.mcu.externaltools.gnu-tools-for-stm32.9-2020-q2-update.linux64_2.0.0.202105311346/tools/bin/../lib/gcc/arm-none-eabi/9.3.1/../../../../arm-none-eabi/lib/thumb/v7-m/nofp/libc_nano.a(lib_a-sbrkr.o)
                0x0000000008007878                _sbrk_r
 .text._raise_r
                0x0000000008007898       0x50 /home/zaki/st/stm32cubeide_1.7.0/plugins/com.st.stm32cube.ide.mcu.externaltools.gnu-tools-for-stm32.9-2020-q2-update.linux64_2.0.0.202105311346/tools/bin/../lib/gcc/arm-none-eabi/9.3.1/../../../../arm-none-eabi/lib/thumb/v7-m/nofp/libc_nano.a(lib_a-signal.o)
                0x0000000008007898                _raise_r
 .text.raise    0x00000000080078e8       0x10 /home/zaki/st/stm32cubeide_1.7.0/plugins/com.st.stm32cube.ide.mcu.externaltools.gnu-tools-for-stm32.9-2020-q2-update.linux64_2.0.0.202105311346/tools/bin/../lib/gcc/arm-none-eabi/9.3.1/../../../../arm-none-eabi/lib/thumb/v7-m/nofp/libc_nano.a(lib_a-signal.o)
                0x00000000080078e8                raise
 .text._kill_r  0x00000000080078f8       0x24 /home/zaki/st/stm32cubeide_1.7.0/plugins/com.st.stm32cube.ide.mcu.externaltools.gnu-tools-for-stm32.9-2020-q2-update.linux64_2.0.0.202105311346/tools/bin/../lib/gcc/arm-none-eabi/9.3.1/../../../../arm-none-eabi/lib/thumb/v7-m/nofp/libc_nano.a(lib_a-signalr.o)
                0x00000000080078f8                _kill_r
 .text._getpid_r
                0x000000000800791c        0x4 /home/zaki/st/stm32cubeide_1.7.0/plugins/com.st.stm32cube.ide.mcu.externaltools.gnu-tools-for-stm32.9-2020-q2-update.linux64_2.0.0.202105311346/tools/bin/../lib/gcc/arm-none-eabi/9.3.1/../../../../arm-none-eabi/lib/thumb/v7-m/nofp/libc_nano.a(lib_a-signalr.o)
                0x000000000800791c                _getpid_r
 .text.sprintf  0x0000000008007920       0x40 /home/zaki/st/stm32cubeide_1.7.0/plugins/com.st.stm32cube.ide.mcu.externaltools.gnu-tools-for-stm32.9-2020-q2-update.linux64_2.0.0.202105311346/tools/bin/../lib/gcc/arm-none-eabi/9.3.1/../../../../arm-none-eabi/lib/thumb/v7-m/nofp/libc_nano.a(lib_a-sprintf.o)
                0x0000000008007920                sprintf
                0x0000000008007920                siprintf
 .text._strtol_l.isra.0
                0x0000000008007960      0x10c /home/zaki/st/stm32cubeide_1.7.0/plugins/com.st.stm32cube.ide.mcu.externaltools.gnu-tools-for-stm32.9-2020-q2-update.linux64_2.0.0.202105311346/tools/bin/../lib/gcc/arm-none-eabi/9.3.1/../../../../arm-none-eabi/lib/thumb/v7-m/nofp/libc_nano.a(lib_a-strtol.o)
 .text.strtol   0x0000000008007a6c       0x14 /home/zaki/st/stm32cubeide_1.7.0/plugins/com.st.stm32cube.ide.mcu.externaltools.gnu-tools-for-stm32.9-2020-q2-update.linux64_2.0.0.202105311346/tools/bin/../lib/gcc/arm-none-eabi/9.3.1/../../../../arm-none-eabi/lib/thumb/v7-m/nofp/libc_nano.a(lib_a-strtol.o)
                0x0000000008007a6c                strtol
 .text.__register_exitproc
                0x0000000008007a80       0xc8 /home/zaki/st/stm32cubeide_1.7.0/plugins/com.st.stm32cube.ide.mcu.externaltools.gnu-tools-for-stm32.9-2020-q2-update.linux64_2.0.0.202105311346/tools/bin/../lib/gcc/arm-none-eabi/9.3.1/../../../../arm-none-eabi/lib/thumb/v7-m/nofp/libc_nano.a(lib_a-__atexit.o)
                0x0000000008007a80                __register_exitproc
 .text.__retarget_lock_acquire_recursive
                0x0000000008007b48        0x2 /home/zaki/st/stm32cubeide_1.7.0/plugins/com.st.stm32cube.ide.mcu.externaltools.gnu-tools-for-stm32.9-2020-q2-update.linux64_2.0.0.202105311346/tools/bin/../lib/gcc/arm-none-eabi/9.3.1/../../../../arm-none-eabi/lib/thumb/v7-m/nofp/libc_nano.a(lib_a-lock.o)
                0x0000000008007b48                __retarget_lock_acquire_recursive
 .text.__retarget_lock_release
                0x0000000008007b4a        0x2 /home/zaki/st/stm32cubeide_1.7.0/plugins/com.st.stm32cube.ide.mcu.externaltools.gnu-tools-for-stm32.9-2020-q2-update.linux64_2.0.0.202105311346/tools/bin/../lib/gcc/arm-none-eabi/9.3.1/../../../../arm-none-eabi/lib/thumb/v7-m/nofp/libc_nano.a(lib_a-lock.o)
                0x0000000008007b4a                __retarget_lock_release
 .text.__retarget_lock_release_recursive
                0x0000000008007b4c        0x2 /home/zaki/st/stm32cubeide_1.7.0/plugins/com.st.stm32cube.ide.mcu.externaltools.gnu-tools-for-stm32.9-2020-q2-update.linux64_2.0.0.202105311346/tools/bin/../lib/gcc/arm-none-eabi/9.3.1/../../../../arm-none-eabi/lib/thumb/v7-m/nofp/libc_nano.a(lib_a-lock.o)
                0x0000000008007b4c                __retarget_lock_release_recursive
 *fill*         0x0000000008007b4e        0x2 
 .text.__malloc_lock
                0x0000000008007b50        0xc /home/zaki/st/stm32cubeide_1.7.0/plugins/com.st.stm32cube.ide.mcu.externaltools.gnu-tools-for-stm32.9-2020-q2-update.linux64_2.0.0.202105311346/tools/bin/../lib/gcc/arm-none-eabi/9.3.1/../../../../arm-none-eabi/lib/thumb/v7-m/nofp/libc_nano.a(lib_a-mlock.o)
                0x0000000008007b50                __malloc_lock
 .text.__malloc_unlock
                0x0000000008007b5c        0xc /home/zaki/st/stm32cubeide_1.7.0/plugins/com.st.stm32cube.ide.mcu.externaltools.gnu-tools-for-stm32.9-2020-q2-update.linux64_2.0.0.202105311346/tools/bin/../lib/gcc/arm-none-eabi/9.3.1/../../../../arm-none-eabi/lib/thumb/v7-m/nofp/libc_nano.a(lib_a-mlock.o)
                0x0000000008007b5c                __malloc_unlock
 .text.__ssputs_r
                0x0000000008007b68       0xb6 /home/zaki/st/stm32cubeide_1.7.0/plugins/com.st.stm32cube.ide.mcu.externaltools.gnu-tools-for-stm32.9-2020-q2-update.linux64_2.0.0.202105311346/tools/bin/../lib/gcc/arm-none-eabi/9.3.1/../../../../arm-none-eabi/lib/thumb/v7-m/nofp/libc_nano.a(lib_a-nano-svfprintf.o)
                0x0000000008007b68                __ssputs_r
 *fill*         0x0000000008007c1e        0x2 
 .text._svfprintf_r
                0x0000000008007c20      0x200 /home/zaki/st/stm32cubeide_1.7.0/plugins/com.st.stm32cube.ide.mcu.externaltools.gnu-tools-for-stm32.9-2020-q2-update.linux64_2.0.0.202105311346/tools/bin/../lib/gcc/arm-none-eabi/9.3.1/../../../../arm-none-eabi/lib/thumb/v7-m/nofp/libc_nano.a(lib_a-nano-svfprintf.o)
                0x0000000008007c20                _svfprintf_r
                0x0000000008007c20                _svfiprintf_r
 .text._printf_common
                0x0000000008007e20       0xde /home/zaki/st/stm32cubeide_1.7.0/plugins/com.st.stm32cube.ide.mcu.externaltools.gnu-tools-for-stm32.9-2020-q2-update.linux64_2.0.0.202105311346/tools/bin/../lib/gcc/arm-none-eabi/9.3.1/../../../../arm-none-eabi/lib/thumb/v7-m/nofp/libc_nano.a(lib_a-nano-vfprintf_i.o)
                0x0000000008007e20                _printf_common
 *fill*         0x0000000008007efe        0x2 
 .text._printf_i
                0x0000000008007f00      0x24c /home/zaki/st/stm32cubeide_1.7.0/plugins/com.st.stm32cube.ide.mcu.externaltools.gnu-tools-for-stm32.9-2020-q2-update.linux64_2.0.0.202105311346/tools/bin/../lib/gcc/arm-none-eabi/9.3.1/../../../../arm-none-eabi/lib/thumb/v7-m/nofp/libc_nano.a(lib_a-nano-vfprintf_i.o)
                0x0000000008007f00                _printf_i
 .text.memchr   0x000000000800814c       0x1c /home/zaki/st/stm32cubeide_1.7.0/plugins/com.st.stm32cube.ide.mcu.externaltools.gnu-tools-for-stm32.9-2020-q2-update.linux64_2.0.0.202105311346/tools/bin/../lib/gcc/arm-none-eabi/9.3.1/../../../../arm-none-eabi/lib/thumb/v7-m/nofp/libc_nano.a(lib_a-memchr-stub.o)
                0x000000000800814c                memchr
 .text.memmove  0x0000000008008168       0x34 /home/zaki/st/stm32cubeide_1.7.0/plugins/com.st.stm32cube.ide.mcu.externaltools.gnu-tools-for-stm32.9-2020-q2-update.linux64_2.0.0.202105311346/tools/bin/../lib/gcc/arm-none-eabi/9.3.1/../../../../arm-none-eabi/lib/thumb/v7-m/nofp/libc_nano.a(lib_a-memmove.o)
                0x0000000008008168                memmove
 .text._realloc_r
                0x000000000800819c       0x4c /home/zaki/st/stm32cubeide_1.7.0/plugins/com.st.stm32cube.ide.mcu.externaltools.gnu-tools-for-stm32.9-2020-q2-update.linux64_2.0.0.202105311346/tools/bin/../lib/gcc/arm-none-eabi/9.3.1/../../../../arm-none-eabi/lib/thumb/v7-m/nofp/libc_nano.a(lib_a-nano-reallocr.o)
                0x000000000800819c                _realloc_r
 .text._malloc_usable_size_r
                0x00000000080081e8       0x10 /home/zaki/st/stm32cubeide_1.7.0/plugins/com.st.stm32cube.ide.mcu.externaltools.gnu-tools-for-stm32.9-2020-q2-update.linux64_2.0.0.202105311346/tools/bin/../lib/gcc/arm-none-eabi/9.3.1/../../../../arm-none-eabi/lib/thumb/v7-m/nofp/libc_nano.a(lib_a-nano-msizer.o)
                0x00000000080081e8                _malloc_usable_size_r
 *(.glue_7)
 .glue_7        0x00000000080081f8        0x0 linker stubs
 *(.glue_7t)
 .glue_7t       0x00000000080081f8        0x0 linker stubs
 *(.eh_frame)
 .eh_frame      0x00000000080081f8        0x0 /home/zaki/st/stm32cubeide_1.7.0/plugins/com.st.stm32cube.ide.mcu.externaltools.gnu-tools-for-stm32.9-2020-q2-update.linux64_2.0.0.202105311346/tools/bin/../lib/gcc/arm-none-eabi/9.3.1/thumb/v7-m/nofp/crtbegin.o
 *(.init)
 .init          0x00000000080081f8        0x4 /home/zaki/st/stm32cubeide_1.7.0/plugins/com.st.stm32cube.ide.mcu.externaltools.gnu-tools-for-stm32.9-2020-q2-update.linux64_2.0.0.202105311346/tools/bin/../lib/gcc/arm-none-eabi/9.3.1/thumb/v7-m/nofp/crti.o
                0x00000000080081f8                _init
 .init          0x00000000080081fc        0x8 /home/zaki/st/stm32cubeide_1.7.0/plugins/com.st.stm32cube.ide.mcu.externaltools.gnu-tools-for-stm32.9-2020-q2-update.linux64_2.0.0.202105311346/tools/bin/../lib/gcc/arm-none-eabi/9.3.1/thumb/v7-m/nofp/crtn.o
 *(.fini)
 .fini          0x0000000008008204        0x4 /home/zaki/st/stm32cubeide_1.7.0/plugins/com.st.stm32cube.ide.mcu.externaltools.gnu-tools-for-stm32.9-2020-q2-update.linux64_2.0.0.202105311346/tools/bin/../lib/gcc/arm-none-eabi/9.3.1/thumb/v7-m/nofp/crti.o
                0x0000000008008204                _fini
 .fini          0x0000000008008208        0x8 /home/zaki/st/stm32cubeide_1.7.0/plugins/com.st.stm32cube.ide.mcu.externaltools.gnu-tools-for-stm32.9-2020-q2-update.linux64_2.0.0.202105311346/tools/bin/../lib/gcc/arm-none-eabi/9.3.1/thumb/v7-m/nofp/crtn.o
                0x0000000008008210                . = ALIGN (0x4)
                0x0000000008008210                _etext = .

.vfp11_veneer   0x0000000008008210        0x0
 .vfp11_veneer  0x0000000008008210        0x0 linker stubs

.v4_bx          0x0000000008008210        0x0
 .v4_bx         0x0000000008008210        0x0 linker stubs

.iplt           0x0000000008008210        0x0
 .iplt          0x0000000008008210        0x0 /home/zaki/st/stm32cubeide_1.7.0/plugins/com.st.stm32cube.ide.mcu.externaltools.gnu-tools-for-stm32.9-2020-q2-update.linux64_2.0.0.202105311346/tools/bin/../lib/gcc/arm-none-eabi/9.3.1/thumb/v7-m/nofp/crtbegin.o

.rodata         0x0000000008008210      0x1d8
                0x0000000008008210                . = ALIGN (0x4)
 *(.rodata)
 .rodata        0x0000000008008210       0x19 ./Core/Src/main.o
 *fill*         0x0000000008008229        0x3 
 .rodata        0x000000000800822c       0x10 ./Drivers/STM32F1xx_HAL_Driver/Src/stm32f1xx_hal_rcc.o
 *(.rodata*)
 .rodata.AHBPrescTable
                0x000000000800823c       0x10 ./Core/Src/system_stm32f1xx.o
                0x000000000800823c                AHBPrescTable
 .rodata.APBPrescTable
                0x000000000800824c        0x8 ./Core/Src/system_stm32f1xx.o
                0x000000000800824c                APBPrescTable
 .rodata.asinf.str1.1
                0x0000000008008254        0x0 /home/zaki/st/stm32cubeide_1.7.0/plugins/com.st.stm32cube.ide.mcu.externaltools.gnu-tools-for-stm32.9-2020-q2-update.linux64_2.0.0.202105311346/tools/bin/../lib/gcc/arm-none-eabi/9.3.1/../../../../arm-none-eabi/lib/thumb/v7-m/nofp/libm.a(lib_a-wf_asin.o)
                                          0x1 (size before relaxing)
 .rodata._ctype_
                0x0000000008008254      0x101 /home/zaki/st/stm32cubeide_1.7.0/plugins/com.st.stm32cube.ide.mcu.externaltools.gnu-tools-for-stm32.9-2020-q2-update.linux64_2.0.0.202105311346/tools/bin/../lib/gcc/arm-none-eabi/9.3.1/../../../../arm-none-eabi/lib/thumb/v7-m/nofp/libc_nano.a(lib_a-ctype_.o)
                0x0000000008008254                _ctype_
 .rodata._svfprintf_r.str1.1
                0x0000000008008355       0x11 /home/zaki/st/stm32cubeide_1.7.0/plugins/com.st.stm32cube.ide.mcu.externaltools.gnu-tools-for-stm32.9-2020-q2-update.linux64_2.0.0.202105311346/tools/bin/../lib/gcc/arm-none-eabi/9.3.1/../../../../arm-none-eabi/lib/thumb/v7-m/nofp/libc_nano.a(lib_a-nano-svfprintf.o)
 .rodata._printf_i.str1.1
                0x0000000008008366       0x22 /home/zaki/st/stm32cubeide_1.7.0/plugins/com.st.stm32cube.ide.mcu.externaltools.gnu-tools-for-stm32.9-2020-q2-update.linux64_2.0.0.202105311346/tools/bin/../lib/gcc/arm-none-eabi/9.3.1/../../../../arm-none-eabi/lib/thumb/v7-m/nofp/libc_nano.a(lib_a-nano-vfprintf_i.o)
 .rodata.__sf_fake_stderr
                0x0000000008008388       0x20 /home/zaki/st/stm32cubeide_1.7.0/plugins/com.st.stm32cube.ide.mcu.externaltools.gnu-tools-for-stm32.9-2020-q2-update.linux64_2.0.0.202105311346/tools/bin/../lib/gcc/arm-none-eabi/9.3.1/../../../../arm-none-eabi/lib/thumb/v7-m/nofp/libc_nano.a(lib_a-findfp.o)
                0x0000000008008388                __sf_fake_stderr
 .rodata.__sf_fake_stdin
                0x00000000080083a8       0x20 /home/zaki/st/stm32cubeide_1.7.0/plugins/com.st.stm32cube.ide.mcu.externaltools.gnu-tools-for-stm32.9-2020-q2-update.linux64_2.0.0.202105311346/tools/bin/../lib/gcc/arm-none-eabi/9.3.1/../../../../arm-none-eabi/lib/thumb/v7-m/nofp/libc_nano.a(lib_a-findfp.o)
                0x00000000080083a8                __sf_fake_stdin
 .rodata.__sf_fake_stdout
                0x00000000080083c8       0x20 /home/zaki/st/stm32cubeide_1.7.0/plugins/com.st.stm32cube.ide.mcu.externaltools.gnu-tools-for-stm32.9-2020-q2-update.linux64_2.0.0.202105311346/tools/bin/../lib/gcc/arm-none-eabi/9.3.1/../../../../arm-none-eabi/lib/thumb/v7-m/nofp/libc_nano.a(lib_a-findfp.o)
                0x00000000080083c8                __sf_fake_stdout
                0x00000000080083e8                . = ALIGN (0x4)

.rel.dyn        0x00000000080083e8        0x0
 .rel.iplt      0x00000000080083e8        0x0 /home/zaki/st/stm32cubeide_1.7.0/plugins/com.st.stm32cube.ide.mcu.externaltools.gnu-tools-for-stm32.9-2020-q2-update.linux64_2.0.0.202105311346/tools/bin/../lib/gcc/arm-none-eabi/9.3.1/thumb/v7-m/nofp/crtbegin.o

.ARM.extab      0x00000000080083e8        0x0
                0x00000000080083e8                . = ALIGN (0x4)
 *(.ARM.extab* .gnu.linkonce.armextab.*)
                0x00000000080083e8                . = ALIGN (0x4)

.ARM            0x00000000080083e8        0x0
                0x00000000080083e8                . = ALIGN (0x4)
                0x00000000080083e8                __exidx_start = .
 *(.ARM.exidx*)
                0x00000000080083e8                __exidx_end = .
                0x00000000080083e8                . = ALIGN (0x4)

.preinit_array  0x00000000080083e8        0x0
                0x00000000080083e8                . = ALIGN (0x4)
                0x00000000080083e8                PROVIDE (__preinit_array_start = .)
 *(.preinit_array*)
                0x00000000080083e8                PROVIDE (__preinit_array_end = .)
                0x00000000080083e8                . = ALIGN (0x4)

.init_array     0x00000000080083e8        0x8
                0x00000000080083e8                . = ALIGN (0x4)
                0x00000000080083e8                PROVIDE (__init_array_start = .)
 *(SORT_BY_NAME(.init_array.*))
 *(.init_array*)
 .init_array    0x00000000080083e8        0x4 /home/zaki/st/stm32cubeide_1.7.0/plugins/com.st.stm32cube.ide.mcu.externaltools.gnu-tools-for-stm32.9-2020-q2-update.linux64_2.0.0.202105311346/tools/bin/../lib/gcc/arm-none-eabi/9.3.1/thumb/v7-m/nofp/crtbegin.o
 .init_array    0x00000000080083ec        0x4 ./Core/Src/main.o
                0x00000000080083f0                PROVIDE (__init_array_end = .)
                0x00000000080083f0                . = ALIGN (0x4)

.fini_array     0x00000000080083f0        0x4
                0x00000000080083f0                . = ALIGN (0x4)
                [!provide]                        PROVIDE (__fini_array_start = .)
 *(SORT_BY_NAME(.fini_array.*))
 *(.fini_array*)
 .fini_array    0x00000000080083f0        0x4 /home/zaki/st/stm32cubeide_1.7.0/plugins/com.st.stm32cube.ide.mcu.externaltools.gnu-tools-for-stm32.9-2020-q2-update.linux64_2.0.0.202105311346/tools/bin/../lib/gcc/arm-none-eabi/9.3.1/thumb/v7-m/nofp/crtbegin.o
                [!provide]                        PROVIDE (__fini_array_end = .)
                0x00000000080083f4                . = ALIGN (0x4)
                0x00000000080083f4                _sidata = LOADADDR (.data)

.data           0x0000000020000000       0x80 load address 0x00000000080083f4
                0x0000000020000000                . = ALIGN (0x4)
                0x0000000020000000                _sdata = .
 *(.data)
 *(.data*)
 .data.uart_data
                0x0000000020000000        0x1 ./Core/Src/main.o
                0x0000000020000000                uart_data
 *fill*         0x0000000020000001        0x3 
 .data.thrust_cmd
                0x0000000020000004        0x4 ./Core/Src/main.o
                0x0000000020000004                thrust_cmd
 .data.battery_voltage
                0x0000000020000008        0x4 ./Core/Src/main.o
                0x0000000020000008                battery_voltage
 .data.SystemCoreClock
                0x000000002000000c        0x4 ./Core/Src/system_stm32f1xx.o
                0x000000002000000c                SystemCoreClock
 .data.uwTickPrio
                0x0000000020000010        0x4 ./Drivers/STM32F1xx_HAL_Driver/Src/stm32f1xx_hal.o
                0x0000000020000010                uwTickPrio
 .data.uwTickFreq
                0x0000000020000014        0x1 ./Drivers/STM32F1xx_HAL_Driver/Src/stm32f1xx_hal.o
                0x0000000020000014                uwTickFreq
 .data.__fdlib_version
                0x0000000020000015        0x1 /home/zaki/st/stm32cubeide_1.7.0/plugins/com.st.stm32cube.ide.mcu.externaltools.gnu-tools-for-stm32.9-2020-q2-update.linux64_2.0.0.202105311346/tools/bin/../lib/gcc/arm-none-eabi/9.3.1/../../../../arm-none-eabi/lib/thumb/v7-m/nofp/libm.a(lib_a-s_lib_ver.o)
                0x0000000020000015                __fdlib_version
 *fill*         0x0000000020000016        0x2 
 .data._impure_ptr
                0x0000000020000018        0x4 /home/zaki/st/stm32cubeide_1.7.0/plugins/com.st.stm32cube.ide.mcu.externaltools.gnu-tools-for-stm32.9-2020-q2-update.linux64_2.0.0.202105311346/tools/bin/../lib/gcc/arm-none-eabi/9.3.1/../../../../arm-none-eabi/lib/thumb/v7-m/nofp/libc_nano.a(lib_a-impure.o)
                0x0000000020000018                _impure_ptr
 .data.impure_data
                0x000000002000001c       0x60 /home/zaki/st/stm32cubeide_1.7.0/plugins/com.st.stm32cube.ide.mcu.externaltools.gnu-tools-for-stm32.9-2020-q2-update.linux64_2.0.0.202105311346/tools/bin/../lib/gcc/arm-none-eabi/9.3.1/../../../../arm-none-eabi/lib/thumb/v7-m/nofp/libc_nano.a(lib_a-impure.o)
 .data.__atexit_recursive_mutex
                0x000000002000007c        0x4 /home/zaki/st/stm32cubeide_1.7.0/plugins/com.st.stm32cube.ide.mcu.externaltools.gnu-tools-for-stm32.9-2020-q2-update.linux64_2.0.0.202105311346/tools/bin/../lib/gcc/arm-none-eabi/9.3.1/../../../../arm-none-eabi/lib/thumb/v7-m/nofp/libc_nano.a(lib_a-__call_atexit.o)
                0x000000002000007c                __atexit_recursive_mutex
 *(.RamFunc)
 *(.RamFunc*)
                0x0000000020000080                . = ALIGN (0x4)
                0x0000000020000080                _edata = .

.igot.plt       0x0000000020000080        0x0 load address 0x0000000008008474
 .igot.plt      0x0000000020000080        0x0 /home/zaki/st/stm32cubeide_1.7.0/plugins/com.st.stm32cube.ide.mcu.externaltools.gnu-tools-for-stm32.9-2020-q2-update.linux64_2.0.0.202105311346/tools/bin/../lib/gcc/arm-none-eabi/9.3.1/thumb/v7-m/nofp/crtbegin.o
                0x0000000020000080                . = ALIGN (0x4)

.bss            0x0000000020000080      0x364 load address 0x0000000008008474
                0x0000000020000080                _sbss = .
                0x0000000020000080                __bss_start__ = _sbss
 *(.bss)
 .bss           0x0000000020000080       0x1c /home/zaki/st/stm32cubeide_1.7.0/plugins/com.st.stm32cube.ide.mcu.externaltools.gnu-tools-for-stm32.9-2020-q2-update.linux64_2.0.0.202105311346/tools/bin/../lib/gcc/arm-none-eabi/9.3.1/thumb/v7-m/nofp/crtbegin.o
 *(.bss*)
 .bss._ZZN11ProtoHelper11getInstanceEvE9instance_
                0x000000002000009c       0x10 ./Core/Src/ProtoHelper.o
 .bss._ZGVZN11ProtoHelper11getInstanceEvE9instance_
                0x00000000200000ac        0x4 ./Core/Src/ProtoHelper.o
 .bss._ZZN11ProtoHelper8loadByteEcE8str_buff
                0x00000000200000b0       0x1b ./Core/Src/ProtoHelper.o
 .bss._ZZN11ProtoHelper8loadByteEcE5index
                0x00000000200000cb        0x1 ./Core/Src/ProtoHelper.o
 *fill*         0x00000000200000cc        0x4 
 .bss._ZZN6I2CIMU11getInstanceEvE8instance
                0x00000000200000d0       0xd8 ./Core/Src/main.o
 .bss._ZGVZN6I2CIMU11getInstanceEvE8instance
                0x00000000200001a8        0x4 ./Core/Src/main.o
 .bss._ZZN3ESC11getInstanceEvE9_instance
                0x00000000200001ac       0x4c ./Core/Src/main.o
 .bss._ZGVZN3ESC11getInstanceEvE9_instance
                0x00000000200001f8        0x4 ./Core/Src/main.o
 .bss.cmd       0x00000000200001fc        0x1 ./Core/Src/main.o
                0x00000000200001fc                cmd
 *fill*         0x00000000200001fd        0x3 
 .bss.loop_time
                0x0000000020000200        0x8 ./Core/Src/main.o
                0x0000000020000200                loop_time
 .bss.init_drone
                0x0000000020000208        0x1 ./Core/Src/main.o
                0x0000000020000208                init_drone
 *fill*         0x0000000020000209        0x3 
 .bss.pwm_operating
                0x000000002000020c        0x4 ./Core/Src/main.o
                0x000000002000020c                pwm_operating
 .bss.stop_due_to_angle
                0x0000000020000210        0x1 ./Core/Src/main.o
                0x0000000020000210                stop_due_to_angle
 .bss.state     0x0000000020000211        0x1 ./Core/Src/main.o
                0x0000000020000211                state
 *fill*         0x0000000020000212        0x2 
 .bss.huart1    0x0000000020000214       0x44 ./Core/Src/main.o
                0x0000000020000214                huart1
 .bss.imu       0x0000000020000258        0x4 ./Core/Src/main.o
                0x0000000020000258                imu
 .bss.escs      0x000000002000025c        0x4 ./Core/Src/main.o
                0x000000002000025c                escs
 .bss.phelper   0x0000000020000260        0x4 ./Core/Src/main.o
                0x0000000020000260                phelper
 .bss.pitch_setpoint
                0x0000000020000264        0x4 ./Core/Src/main.o
                0x0000000020000264                pitch_setpoint
 .bss.roll_setpoint
                0x0000000020000268        0x4 ./Core/Src/main.o
                0x0000000020000268                roll_setpoint
 .bss.yaw_setpoint
                0x000000002000026c        0x4 ./Core/Src/main.o
                0x000000002000026c                yaw_setpoint
 .bss.pid_pitch
                0x0000000020000270       0x30 ./Core/Src/main.o
                0x0000000020000270                pid_pitch
 .bss.pid_roll  0x00000000200002a0       0x30 ./Core/Src/main.o
                0x00000000200002a0                pid_roll
 .bss.pid_yaw   0x00000000200002d0       0x30 ./Core/Src/main.o
                0x00000000200002d0                pid_yaw
 .bss.pid_pitch_out
                0x0000000020000300        0x4 ./Core/Src/main.o
                0x0000000020000300                pid_pitch_out
 .bss.pid_roll_out
                0x0000000020000304        0x4 ./Core/Src/main.o
                0x0000000020000304                pid_roll_out
 .bss.pid_yaw_out
                0x0000000020000308        0x4 ./Core/Src/main.o
                0x0000000020000308                pid_yaw_out
 .bss.m1_out    0x000000002000030c        0x4 ./Core/Src/main.o
                0x000000002000030c                m1_out
 .bss.m2_out    0x0000000020000310        0x4 ./Core/Src/main.o
                0x0000000020000310                m2_out
 .bss.m3_out    0x0000000020000314        0x4 ./Core/Src/main.o
                0x0000000020000314                m3_out
 .bss.m4_out    0x0000000020000318        0x4 ./Core/Src/main.o
                0x0000000020000318                m4_out
 .bss.debug_pitch
                0x000000002000031c        0x4 ./Core/Src/main.o
                0x000000002000031c                debug_pitch
 .bss.debug_roll
                0x0000000020000320        0x4 ./Core/Src/main.o
                0x0000000020000320                debug_roll
 *fill*         0x0000000020000324        0x4 
 .bss.uu_ticks  0x0000000020000328        0x8 ./Core/Src/micros.o
 .bss.__sbrk_heap_end
                0x0000000020000330        0x4 ./Core/Src/sysmem.o
 .bss._ZN12_GLOBAL__N_113__new_handlerE
                0x0000000020000334        0x4 /home/zaki/st/stm32cubeide_1.7.0/plugins/com.st.stm32cube.ide.mcu.externaltools.gnu-tools-for-stm32.9-2020-q2-update.linux64_2.0.0.202105311346/tools/bin/../lib/gcc/arm-none-eabi/9.3.1/../../../../arm-none-eabi/lib/thumb/v7-m/nofp/libstdc++_nano.a(new_handler.o)
 .bss.__malloc_free_list
                0x0000000020000338        0x4 /home/zaki/st/stm32cubeide_1.7.0/plugins/com.st.stm32cube.ide.mcu.externaltools.gnu-tools-for-stm32.9-2020-q2-update.linux64_2.0.0.202105311346/tools/bin/../lib/gcc/arm-none-eabi/9.3.1/../../../../arm-none-eabi/lib/thumb/v7-m/nofp/libc_nano.a(lib_a-nano-mallocr.o)
                0x0000000020000338                __malloc_free_list
 .bss.__malloc_sbrk_start
                0x000000002000033c        0x4 /home/zaki/st/stm32cubeide_1.7.0/plugins/com.st.stm32cube.ide.mcu.externaltools.gnu-tools-for-stm32.9-2020-q2-update.linux64_2.0.0.202105311346/tools/bin/../lib/gcc/arm-none-eabi/9.3.1/../../../../arm-none-eabi/lib/thumb/v7-m/nofp/libc_nano.a(lib_a-nano-mallocr.o)
                0x000000002000033c                __malloc_sbrk_start
 .bss._global_atexit0
                0x0000000020000340       0x8c /home/zaki/st/stm32cubeide_1.7.0/plugins/com.st.stm32cube.ide.mcu.externaltools.gnu-tools-for-stm32.9-2020-q2-update.linux64_2.0.0.202105311346/tools/bin/../lib/gcc/arm-none-eabi/9.3.1/../../../../arm-none-eabi/lib/thumb/v7-m/nofp/libc_nano.a(lib_a-__atexit.o)
 .bss._global_atexit
                0x00000000200003cc        0x4 /home/zaki/st/stm32cubeide_1.7.0/plugins/com.st.stm32cube.ide.mcu.externaltools.gnu-tools-for-stm32.9-2020-q2-update.linux64_2.0.0.202105311346/tools/bin/../lib/gcc/arm-none-eabi/9.3.1/../../../../arm-none-eabi/lib/thumb/v7-m/nofp/libc_nano.a(lib_a-__call_atexit.o)
                0x00000000200003cc                _global_atexit
 *(COMMON)
 COMMON         0x00000000200003d0        0x4 ./Drivers/STM32F1xx_HAL_Driver/Src/stm32f1xx_hal.o
                0x00000000200003d0                uwTick
 COMMON         0x00000000200003d4        0x9 /home/zaki/st/stm32cubeide_1.7.0/plugins/com.st.stm32cube.ide.mcu.externaltools.gnu-tools-for-stm32.9-2020-q2-update.linux64_2.0.0.202105311346/tools/bin/../lib/gcc/arm-none-eabi/9.3.1/../../../../arm-none-eabi/lib/thumb/v7-m/nofp/libc_nano.a(lib_a-lock.o)
                0x00000000200003d4                __lock___atexit_recursive_mutex
                0x00000000200003d5                __lock___arc4random_mutex
                0x00000000200003d6                __lock___env_recursive_mutex
                0x00000000200003d7                __lock___sinit_recursive_mutex
                0x00000000200003d8                __lock___malloc_recursive_mutex
                0x00000000200003d9                __lock___at_quick_exit_mutex
                0x00000000200003da                __lock___dd_hash_mutex
                0x00000000200003db                __lock___tz_mutex
                0x00000000200003dc                __lock___sfp_recursive_mutex
 *fill*         0x00000000200003dd        0x3 
 COMMON         0x00000000200003e0        0x4 /home/zaki/st/stm32cubeide_1.7.0/plugins/com.st.stm32cube.ide.mcu.externaltools.gnu-tools-for-stm32.9-2020-q2-update.linux64_2.0.0.202105311346/tools/bin/../lib/gcc/arm-none-eabi/9.3.1/../../../../arm-none-eabi/lib/thumb/v7-m/nofp/libc_nano.a(lib_a-reent.o)
                0x00000000200003e0                errno
                0x00000000200003e4                . = ALIGN (0x4)
                0x00000000200003e4                _ebss = .
                0x00000000200003e4                __bss_end__ = _ebss

._user_heap_stack
                0x00000000200003e4      0x604 load address 0x0000000008008474
                0x00000000200003e8                . = ALIGN (0x8)
 *fill*         0x00000000200003e4        0x4 
                [!provide]                        PROVIDE (end = .)
                0x00000000200003e8                PROVIDE (_end = .)
                0x00000000200005e8                . = (. + _Min_Heap_Size)
 *fill*         0x00000000200003e8      0x200 
                0x00000000200009e8                . = (. + _Min_Stack_Size)
 *fill*         0x00000000200005e8      0x400 
                0x00000000200009e8                . = ALIGN (0x8)

/DISCARD/
 libc.a(*)
 libm.a(*)
 libgcc.a(*)

.ARM.attributes
                0x0000000000000000       0x29
 *(.ARM.attributes)
 .ARM.attributes
                0x0000000000000000       0x1d /home/zaki/st/stm32cubeide_1.7.0/plugins/com.st.stm32cube.ide.mcu.externaltools.gnu-tools-for-stm32.9-2020-q2-update.linux64_2.0.0.202105311346/tools/bin/../lib/gcc/arm-none-eabi/9.3.1/thumb/v7-m/nofp/crti.o
 .ARM.attributes
                0x000000000000001d       0x2d /home/zaki/st/stm32cubeide_1.7.0/plugins/com.st.stm32cube.ide.mcu.externaltools.gnu-tools-for-stm32.9-2020-q2-update.linux64_2.0.0.202105311346/tools/bin/../lib/gcc/arm-none-eabi/9.3.1/thumb/v7-m/nofp/crtbegin.o
 .ARM.attributes
                0x000000000000004a       0x2d ./Core/Src/Command.o
 .ARM.attributes
                0x0000000000000077       0x2d ./Core/Src/Parameter.o
 .ARM.attributes
                0x00000000000000a4       0x2d ./Core/Src/ProtoHelper.o
 .ARM.attributes
                0x00000000000000d1       0x2d ./Core/Src/main.o
 .ARM.attributes
                0x00000000000000fe       0x2d ./Core/Src/micros.o
 .ARM.attributes
                0x000000000000012b       0x2d ./Core/Src/stm32f1xx_hal_msp.o
 .ARM.attributes
                0x0000000000000158       0x2d ./Core/Src/stm32f1xx_it.o
 .ARM.attributes
                0x0000000000000185       0x2d ./Core/Src/syscalls.o
 .ARM.attributes
                0x00000000000001b2       0x2d ./Core/Src/sysmem.o
 .ARM.attributes
                0x00000000000001df       0x2d ./Core/Src/system_stm32f1xx.o
 .ARM.attributes
                0x000000000000020c       0x21 ./Core/Startup/startup_stm32f103c8tx.o
 .ARM.attributes
                0x000000000000022d       0x2d ./Drivers/STM32F1xx_HAL_Driver/Src/stm32f1xx_hal.o
 .ARM.attributes
                0x000000000000025a       0x2d ./Drivers/STM32F1xx_HAL_Driver/Src/stm32f1xx_hal_cortex.o
 .ARM.attributes
                0x0000000000000287       0x2d ./Drivers/STM32F1xx_HAL_Driver/Src/stm32f1xx_hal_dma.o
 .ARM.attributes
                0x00000000000002b4       0x2d ./Drivers/STM32F1xx_HAL_Driver/Src/stm32f1xx_hal_gpio.o
 .ARM.attributes
                0x00000000000002e1       0x2d ./Drivers/STM32F1xx_HAL_Driver/Src/stm32f1xx_hal_i2c.o
 .ARM.attributes
                0x000000000000030e       0x2d ./Drivers/STM32F1xx_HAL_Driver/Src/stm32f1xx_hal_rcc.o
 .ARM.attributes
                0x000000000000033b       0x2d ./Drivers/STM32F1xx_HAL_Driver/Src/stm32f1xx_hal_tim.o
 .ARM.attributes
                0x0000000000000368       0x2d ./Drivers/STM32F1xx_HAL_Driver/Src/stm32f1xx_hal_tim_ex.o
 .ARM.attributes
                0x0000000000000395       0x2d ./Drivers/STM32F1xx_HAL_Driver/Src/stm32f1xx_hal_uart.o
 .ARM.attributes
                0x00000000000003c2       0x2d /home/zaki/st/stm32cubeide_1.7.0/plugins/com.st.stm32cube.ide.mcu.externaltools.gnu-tools-for-stm32.9-2020-q2-update.linux64_2.0.0.202105311346/tools/bin/../lib/gcc/arm-none-eabi/9.3.1/../../../../arm-none-eabi/lib/thumb/v7-m/nofp/libstdc++_nano.a(del_ops.o)
 .ARM.attributes
                0x00000000000003ef       0x2d /home/zaki/st/stm32cubeide_1.7.0/plugins/com.st.stm32cube.ide.mcu.externaltools.gnu-tools-for-stm32.9-2020-q2-update.linux64_2.0.0.202105311346/tools/bin/../lib/gcc/arm-none-eabi/9.3.1/../../../../arm-none-eabi/lib/thumb/v7-m/nofp/libstdc++_nano.a(del_opv.o)
 .ARM.attributes
                0x000000000000041c       0x2d /home/zaki/st/stm32cubeide_1.7.0/plugins/com.st.stm32cube.ide.mcu.externaltools.gnu-tools-for-stm32.9-2020-q2-update.linux64_2.0.0.202105311346/tools/bin/../lib/gcc/arm-none-eabi/9.3.1/../../../../arm-none-eabi/lib/thumb/v7-m/nofp/libstdc++_nano.a(guard.o)
 .ARM.attributes
                0x0000000000000449       0x2d /home/zaki/st/stm32cubeide_1.7.0/plugins/com.st.stm32cube.ide.mcu.externaltools.gnu-tools-for-stm32.9-2020-q2-update.linux64_2.0.0.202105311346/tools/bin/../lib/gcc/arm-none-eabi/9.3.1/../../../../arm-none-eabi/lib/thumb/v7-m/nofp/libstdc++_nano.a(new_op.o)
 .ARM.attributes
                0x0000000000000476       0x2d /home/zaki/st/stm32cubeide_1.7.0/plugins/com.st.stm32cube.ide.mcu.externaltools.gnu-tools-for-stm32.9-2020-q2-update.linux64_2.0.0.202105311346/tools/bin/../lib/gcc/arm-none-eabi/9.3.1/../../../../arm-none-eabi/lib/thumb/v7-m/nofp/libstdc++_nano.a(new_opv.o)
 .ARM.attributes
                0x00000000000004a3       0x2d /home/zaki/st/stm32cubeide_1.7.0/plugins/com.st.stm32cube.ide.mcu.externaltools.gnu-tools-for-stm32.9-2020-q2-update.linux64_2.0.0.202105311346/tools/bin/../lib/gcc/arm-none-eabi/9.3.1/../../../../arm-none-eabi/lib/thumb/v7-m/nofp/libstdc++_nano.a(del_op.o)
 .ARM.attributes
                0x00000000000004d0       0x2d /home/zaki/st/stm32cubeide_1.7.0/plugins/com.st.stm32cube.ide.mcu.externaltools.gnu-tools-for-stm32.9-2020-q2-update.linux64_2.0.0.202105311346/tools/bin/../lib/gcc/arm-none-eabi/9.3.1/../../../../arm-none-eabi/lib/thumb/v7-m/nofp/libstdc++_nano.a(new_handler.o)
 .ARM.attributes
                0x00000000000004fd       0x2d /home/zaki/st/stm32cubeide_1.7.0/plugins/com.st.stm32cube.ide.mcu.externaltools.gnu-tools-for-stm32.9-2020-q2-update.linux64_2.0.0.202105311346/tools/bin/../lib/gcc/arm-none-eabi/9.3.1/../../../../arm-none-eabi/lib/thumb/v7-m/nofp/libm.a(lib_a-wf_asin.o)
 .ARM.attributes
                0x000000000000052a       0x2d /home/zaki/st/stm32cubeide_1.7.0/plugins/com.st.stm32cube.ide.mcu.externaltools.gnu-tools-for-stm32.9-2020-q2-update.linux64_2.0.0.202105311346/tools/bin/../lib/gcc/arm-none-eabi/9.3.1/../../../../arm-none-eabi/lib/thumb/v7-m/nofp/libm.a(lib_a-wf_sqrt.o)
 .ARM.attributes
                0x0000000000000557       0x2d /home/zaki/st/stm32cubeide_1.7.0/plugins/com.st.stm32cube.ide.mcu.externaltools.gnu-tools-for-stm32.9-2020-q2-update.linux64_2.0.0.202105311346/tools/bin/../lib/gcc/arm-none-eabi/9.3.1/../../../../arm-none-eabi/lib/thumb/v7-m/nofp/libm.a(lib_a-ef_asin.o)
 .ARM.attributes
                0x0000000000000584       0x2d /home/zaki/st/stm32cubeide_1.7.0/plugins/com.st.stm32cube.ide.mcu.externaltools.gnu-tools-for-stm32.9-2020-q2-update.linux64_2.0.0.202105311346/tools/bin/../lib/gcc/arm-none-eabi/9.3.1/../../../../arm-none-eabi/lib/thumb/v7-m/nofp/libm.a(lib_a-ef_sqrt.o)
 .ARM.attributes
                0x00000000000005b1       0x2d /home/zaki/st/stm32cubeide_1.7.0/plugins/com.st.stm32cube.ide.mcu.externaltools.gnu-tools-for-stm32.9-2020-q2-update.linux64_2.0.0.202105311346/tools/bin/../lib/gcc/arm-none-eabi/9.3.1/../../../../arm-none-eabi/lib/thumb/v7-m/nofp/libm.a(lib_a-s_lib_ver.o)
 .ARM.attributes
                0x00000000000005de       0x2d /home/zaki/st/stm32cubeide_1.7.0/plugins/com.st.stm32cube.ide.mcu.externaltools.gnu-tools-for-stm32.9-2020-q2-update.linux64_2.0.0.202105311346/tools/bin/../lib/gcc/arm-none-eabi/9.3.1/../../../../arm-none-eabi/lib/thumb/v7-m/nofp/libm.a(lib_a-sf_fabs.o)
 .ARM.attributes
                0x000000000000060b       0x2d /home/zaki/st/stm32cubeide_1.7.0/plugins/com.st.stm32cube.ide.mcu.externaltools.gnu-tools-for-stm32.9-2020-q2-update.linux64_2.0.0.202105311346/tools/bin/../lib/gcc/arm-none-eabi/9.3.1/../../../../arm-none-eabi/lib/thumb/v7-m/nofp/libm.a(lib_a-sf_nan.o)
 .ARM.attributes
                0x0000000000000638       0x2d /home/zaki/st/stm32cubeide_1.7.0/plugins/com.st.stm32cube.ide.mcu.externaltools.gnu-tools-for-stm32.9-2020-q2-update.linux64_2.0.0.202105311346/tools/bin/../lib/gcc/arm-none-eabi/9.3.1/../../../../arm-none-eabi/lib/thumb/v7-m/nofp/libc_nano.a(lib_a-abort.o)
 .ARM.attributes
                0x0000000000000665       0x2d /home/zaki/st/stm32cubeide_1.7.0/plugins/com.st.stm32cube.ide.mcu.externaltools.gnu-tools-for-stm32.9-2020-q2-update.linux64_2.0.0.202105311346/tools/bin/../lib/gcc/arm-none-eabi/9.3.1/../../../../arm-none-eabi/lib/thumb/v7-m/nofp/libc_nano.a(lib_a-atexit.o)
 .ARM.attributes
                0x0000000000000692       0x2d /home/zaki/st/stm32cubeide_1.7.0/plugins/com.st.stm32cube.ide.mcu.externaltools.gnu-tools-for-stm32.9-2020-q2-update.linux64_2.0.0.202105311346/tools/bin/../lib/gcc/arm-none-eabi/9.3.1/../../../../arm-none-eabi/lib/thumb/v7-m/nofp/libc_nano.a(lib_a-atoi.o)
 .ARM.attributes
                0x00000000000006bf       0x2d /home/zaki/st/stm32cubeide_1.7.0/plugins/com.st.stm32cube.ide.mcu.externaltools.gnu-tools-for-stm32.9-2020-q2-update.linux64_2.0.0.202105311346/tools/bin/../lib/gcc/arm-none-eabi/9.3.1/../../../../arm-none-eabi/lib/thumb/v7-m/nofp/libc_nano.a(lib_a-errno.o)
 .ARM.attributes
                0x00000000000006ec       0x2d /home/zaki/st/stm32cubeide_1.7.0/plugins/com.st.stm32cube.ide.mcu.externaltools.gnu-tools-for-stm32.9-2020-q2-update.linux64_2.0.0.202105311346/tools/bin/../lib/gcc/arm-none-eabi/9.3.1/../../../../arm-none-eabi/lib/thumb/v7-m/nofp/libc_nano.a(lib_a-impure.o)
 .ARM.attributes
                0x0000000000000719       0x2d /home/zaki/st/stm32cubeide_1.7.0/plugins/com.st.stm32cube.ide.mcu.externaltools.gnu-tools-for-stm32.9-2020-q2-update.linux64_2.0.0.202105311346/tools/bin/../lib/gcc/arm-none-eabi/9.3.1/../../../../arm-none-eabi/lib/thumb/v7-m/nofp/libc_nano.a(lib_a-init.o)
 .ARM.attributes
                0x0000000000000746       0x2d /home/zaki/st/stm32cubeide_1.7.0/plugins/com.st.stm32cube.ide.mcu.externaltools.gnu-tools-for-stm32.9-2020-q2-update.linux64_2.0.0.202105311346/tools/bin/../lib/gcc/arm-none-eabi/9.3.1/../../../../arm-none-eabi/lib/thumb/v7-m/nofp/libc_nano.a(lib_a-malloc.o)
 .ARM.attributes
                0x0000000000000773       0x2d /home/zaki/st/stm32cubeide_1.7.0/plugins/com.st.stm32cube.ide.mcu.externaltools.gnu-tools-for-stm32.9-2020-q2-update.linux64_2.0.0.202105311346/tools/bin/../lib/gcc/arm-none-eabi/9.3.1/../../../../arm-none-eabi/lib/thumb/v7-m/nofp/libc_nano.a(lib_a-memcpy-stub.o)
 .ARM.attributes
                0x00000000000007a0       0x2d /home/zaki/st/stm32cubeide_1.7.0/plugins/com.st.stm32cube.ide.mcu.externaltools.gnu-tools-for-stm32.9-2020-q2-update.linux64_2.0.0.202105311346/tools/bin/../lib/gcc/arm-none-eabi/9.3.1/../../../../arm-none-eabi/lib/thumb/v7-m/nofp/libc_nano.a(lib_a-memset.o)
 .ARM.attributes
                0x00000000000007cd       0x2d /home/zaki/st/stm32cubeide_1.7.0/plugins/com.st.stm32cube.ide.mcu.externaltools.gnu-tools-for-stm32.9-2020-q2-update.linux64_2.0.0.202105311346/tools/bin/../lib/gcc/arm-none-eabi/9.3.1/../../../../arm-none-eabi/lib/thumb/v7-m/nofp/libc_nano.a(lib_a-nano-freer.o)
 .ARM.attributes
                0x00000000000007fa       0x2d /home/zaki/st/stm32cubeide_1.7.0/plugins/com.st.stm32cube.ide.mcu.externaltools.gnu-tools-for-stm32.9-2020-q2-update.linux64_2.0.0.202105311346/tools/bin/../lib/gcc/arm-none-eabi/9.3.1/../../../../arm-none-eabi/lib/thumb/v7-m/nofp/libc_nano.a(lib_a-nano-mallocr.o)
 .ARM.attributes
                0x0000000000000827       0x2d /home/zaki/st/stm32cubeide_1.7.0/plugins/com.st.stm32cube.ide.mcu.externaltools.gnu-tools-for-stm32.9-2020-q2-update.linux64_2.0.0.202105311346/tools/bin/../lib/gcc/arm-none-eabi/9.3.1/../../../../arm-none-eabi/lib/thumb/v7-m/nofp/libc_nano.a(lib_a-sbrkr.o)
 .ARM.attributes
                0x0000000000000854       0x2d /home/zaki/st/stm32cubeide_1.7.0/plugins/com.st.stm32cube.ide.mcu.externaltools.gnu-tools-for-stm32.9-2020-q2-update.linux64_2.0.0.202105311346/tools/bin/../lib/gcc/arm-none-eabi/9.3.1/../../../../arm-none-eabi/lib/thumb/v7-m/nofp/libc_nano.a(lib_a-signal.o)
 .ARM.attributes
                0x0000000000000881       0x2d /home/zaki/st/stm32cubeide_1.7.0/plugins/com.st.stm32cube.ide.mcu.externaltools.gnu-tools-for-stm32.9-2020-q2-update.linux64_2.0.0.202105311346/tools/bin/../lib/gcc/arm-none-eabi/9.3.1/../../../../arm-none-eabi/lib/thumb/v7-m/nofp/libc_nano.a(lib_a-signalr.o)
 .ARM.attributes
                0x00000000000008ae       0x2d /home/zaki/st/stm32cubeide_1.7.0/plugins/com.st.stm32cube.ide.mcu.externaltools.gnu-tools-for-stm32.9-2020-q2-update.linux64_2.0.0.202105311346/tools/bin/../lib/gcc/arm-none-eabi/9.3.1/../../../../arm-none-eabi/lib/thumb/v7-m/nofp/libc_nano.a(lib_a-sprintf.o)
 .ARM.attributes
                0x00000000000008db       0x17 /home/zaki/st/stm32cubeide_1.7.0/plugins/com.st.stm32cube.ide.mcu.externaltools.gnu-tools-for-stm32.9-2020-q2-update.linux64_2.0.0.202105311346/tools/bin/../lib/gcc/arm-none-eabi/9.3.1/../../../../arm-none-eabi/lib/thumb/v7-m/nofp/libc_nano.a(lib_a-strlen.o)
 .ARM.attributes